../Src/main.c:68:1:__io_putchar	16	static
../Src/main.c:107:6:HAL_GPIO_EXTI_Callback	16	static
../Src/main.c:126:5:main	120	static
../Src/main.c:252:6:SystemClock_Config	96	static
../Src/main.c:303:13:MX_I2C2_Init	8	static
../Src/main.c:351:13:MX_USART1_UART_Init	8	static
../Src/main.c:399:13:MX_GPIO_Init	40	static
../Src/main.c:437:6:StartReadSensor	16	static
../Src/main.c:471:6:StartHandleButton	16	static
../Src/main.c:510:6:StartPrintSerial	48	static
../Src/main.c:545:6:HAL_TIM_PeriodElapsedCallback	16	static
../Src/main.c:562:6:Error_Handler	4	static,ignoring_inline_asm
