../Src/main.c:70:1:__io_putchar	16	static
../Src/main.c:76:1:__io_getchar	16	static
../Src/main.c:138:6:HAL_GPIO_EXTI_Callback	16	static
../Src/main.c:166:6:updateMorseLetter	16	static
../Src/main.c:282:6:printMorseLetter	16	static
../Src/main.c:297:6:playMorseToSpeaker	32	static
../Src/main.c:324:6:getLetterFromMorse	24	static
../Src/main.c:423:6:calcMorseArray	16	static
../Src/main.c:439:5:waitForADCPress	16	static
../Src/main.c:459:6:waitForADCRelease	8	static
../Src/main.c:476:5:getMorseInput	16	static
../Src/main.c:508:5:main	80	static
../Src/main.c:675:6:SystemClock_Config	96	static
../Src/main.c:726:13:MX_ADC1_Init	32	static
../Src/main.c:785:13:MX_DAC1_Init	48	static
../Src/main.c:829:13:MX_TIM2_Init	40	static
../Src/main.c:874:13:MX_TIM5_Init	40	static
../Src/main.c:919:13:MX_USART1_UART_Init	8	static
../Src/main.c:965:13:MX_DMA_Init	16	static
../Src/main.c:984:13:MX_GPIO_Init	40	static
../Src/main.c:1036:6:StartLetterToMorse	16	static
../Src/main.c:1072:6:StartMorseToLetter	16	static
../Src/main.c:1117:6:HAL_TIM_PeriodElapsedCallback	16	static
../Src/main.c:1136:6:Error_Handler	8	static,ignoring_inline_asm
