../Src/main.c:69:1:__io_putchar	16	static
../Src/main.c:75:1:__io_getchar	16	static
../Src/main.c:134:6:HAL_GPIO_EXTI_Callback	16	static
../Src/main.c:153:6:HAL_TIM_PeriodElapsedCallback	16	static
../Src/main.c:162:6:updateMorseLetter	16	static
../Src/main.c:278:6:printMorseLetter	16	static
../Src/main.c:291:6:playMorseToSpeaker	32	static
../Src/main.c:317:6:getLetterFromMorse	24	static
../Src/main.c:416:6:calcMorseArray	16	static
../Src/main.c:432:5:waitForADCPress	16	static
../Src/main.c:452:6:waitForADCRelease	8	static
../Src/main.c:469:5:getMorseInput	16	static
../Src/main.c:500:5:main	48	static
../Src/main.c:670:6:SystemClock_Config	96	static
../Src/main.c:721:13:MX_ADC1_Init	32	static
../Src/main.c:780:13:MX_DAC1_Init	48	static
../Src/main.c:824:13:MX_I2C2_Init	8	static
../Src/main.c:872:13:MX_TIM2_Init	40	static
../Src/main.c:917:13:MX_TIM5_Init	40	static
../Src/main.c:962:13:MX_USART1_UART_Init	8	static
../Src/main.c:1008:13:MX_DMA_Init	16	static
../Src/main.c:1027:13:MX_GPIO_Init	40	static
../Src/main.c:1076:6:Error_Handler	4	static,ignoring_inline_asm
