../Src/main.c:57:1:__io_putchar	16	static
../Src/main.c:63:1:__io_getchar	16	static
../Src/main.c:100:6:HAL_GPIO_EXTI_Callback	16	static
../Src/main.c:107:6:updateMorseLetter	16	static
../Src/main.c:125:6:printMorseLetter	16	static
../Src/main.c:135:6:getLetterFromMorse	24	static
../Src/main.c:172:5:main	16	static
../Src/main.c:259:6:SystemClock_Config	96	static
../Src/main.c:310:13:MX_USART1_UART_Init	8	static
../Src/main.c:358:13:MX_GPIO_Init	40	static
../Src/main.c:403:6:Error_Handler	4	static,ignoring_inline_asm
