../Src/main.c:63:1:__io_putchar	16	static
../Src/main.c:69:1:__io_getchar	16	static
../Src/main.c:122:6:HAL_GPIO_EXTI_Callback	16	static
../Src/main.c:138:6:updateMorseLetter	16	static
../Src/main.c:251:6:printMorseLetter	16	static
../Src/main.c:261:6:playMorseToSpeaker	32	static
../Src/main.c:285:6:getLetterFromMorse	24	static
../Src/main.c:388:5:main	16	static
../Src/main.c:514:6:SystemClock_Config	96	static
../Src/main.c:565:13:MX_DAC1_Init	48	static
../Src/main.c:609:13:MX_TIM2_Init	40	static
../Src/main.c:654:13:MX_USART1_UART_Init	8	static
../Src/main.c:700:13:MX_DMA_Init	16	static
../Src/main.c:719:13:MX_GPIO_Init	40	static
../Src/main.c:768:6:Error_Handler	4	static,ignoring_inline_asm
