../Src/main.c:63:1:__io_putchar	16	static
../Src/main.c:69:1:__io_getchar	16	static
../Src/main.c:122:6:HAL_GPIO_EXTI_Callback	16	static
../Src/main.c:137:6:updateMorseLetter	16	static
../Src/main.c:250:6:printMorseLetter	16	static
../Src/main.c:260:6:playMorseToSpeaker	32	static
../Src/main.c:280:6:getLetterFromMorse	24	static
../Src/main.c:409:5:main	16	static
../Src/main.c:535:6:SystemClock_Config	96	static
../Src/main.c:586:13:MX_DAC1_Init	48	static
../Src/main.c:630:13:MX_TIM2_Init	40	static
../Src/main.c:675:13:MX_USART1_UART_Init	8	static
../Src/main.c:721:13:MX_DMA_Init	16	static
../Src/main.c:740:13:MX_GPIO_Init	40	static
../Src/main.c:789:6:Error_Handler	4	static,ignoring_inline_asm
