../Src/main.c:63:1:__io_putchar	16	static
../Src/main.c:69:1:__io_getchar	16	static
../Src/main.c:115:6:HAL_GPIO_EXTI_Callback	16	static
../Src/main.c:129:6:updateMorseLetter	16	static
../Src/main.c:242:6:printMorseLetter	16	static
../Src/main.c:252:6:playMorseToSpeaker	32	static
../Src/main.c:275:6:getLetterFromMorse	24	static
../Src/main.c:312:5:main	24	static
../Src/main.c:419:6:SystemClock_Config	96	static
../Src/main.c:470:13:MX_DAC1_Init	48	static
../Src/main.c:514:13:MX_TIM2_Init	40	static
../Src/main.c:559:13:MX_USART1_UART_Init	8	static
../Src/main.c:605:13:MX_DMA_Init	16	static
../Src/main.c:624:13:MX_GPIO_Init	40	static
../Src/main.c:673:6:Error_Handler	4	static,ignoring_inline_asm
