../Src/main.c:70:1:__io_putchar	16	static
../Src/main.c:76:1:__io_getchar	16	static
../Src/main.c:140:6:HAL_GPIO_EXTI_Callback	16	static
../Src/main.c:168:6:updateMorseLetter	16	static
../Src/main.c:284:6:printMorseLetter	16	static
../Src/main.c:299:6:playMorseToSpeaker	32	static
../Src/main.c:326:6:getLetterFromMorse	24	static
../Src/main.c:425:6:calcMorseArray	16	static
../Src/main.c:441:5:waitForADCPress	16	static
../Src/main.c:461:6:waitForADCRelease	8	static
../Src/main.c:478:5:getMorseInput	16	static
../Src/main.c:509:5:main	80	static
../Src/main.c:676:6:SystemClock_Config	96	static
../Src/main.c:727:13:MX_ADC1_Init	32	static
../Src/main.c:786:13:MX_DAC1_Init	48	static
../Src/main.c:830:13:MX_TIM2_Init	40	static
../Src/main.c:875:13:MX_TIM5_Init	40	static
../Src/main.c:920:13:MX_USART1_UART_Init	8	static
../Src/main.c:966:13:MX_DMA_Init	16	static
../Src/main.c:985:13:MX_GPIO_Init	40	static
../Src/main.c:1037:6:StartLetterToMorse	16	static
../Src/main.c:1073:6:StartMorseToLetter	16	static
../Src/main.c:1118:6:HAL_TIM_PeriodElapsedCallback	16	static
../Src/main.c:1137:6:Error_Handler	8	static,ignoring_inline_asm
