../Src/main.c:67:1:__io_putchar	16	static
../Src/main.c:73:1:__io_getchar	16	static
../Src/main.c:129:6:HAL_GPIO_EXTI_Callback	16	static
../Src/main.c:148:6:HAL_TIM_PeriodElapsedCallback	16	static
../Src/main.c:157:6:updateMorseLetter	16	static
../Src/main.c:273:6:printMorseLetter	16	static
../Src/main.c:286:6:playMorseToSpeaker	32	static
../Src/main.c:312:6:getLetterFromMorse	24	static
../Src/main.c:411:6:calcMorseArray	16	static
../Src/main.c:427:5:waitForADCPress	16	static
../Src/main.c:447:6:waitForADCRelease	8	static
../Src/main.c:464:5:getMorseInput	16	static
../Src/main.c:495:5:main	32	static
../Src/main.c:633:6:SystemClock_Config	96	static
../Src/main.c:684:13:MX_ADC1_Init	32	static
../Src/main.c:743:13:MX_DAC1_Init	48	static
../Src/main.c:787:13:MX_TIM2_Init	40	static
../Src/main.c:832:13:MX_TIM5_Init	40	static
../Src/main.c:877:13:MX_USART1_UART_Init	8	static
../Src/main.c:923:13:MX_DMA_Init	16	static
../Src/main.c:942:13:MX_GPIO_Init	40	static
../Src/main.c:991:6:Error_Handler	4	static,ignoring_inline_asm
