../Src/main.c:57:1:__io_putchar	16	static
../Src/main.c:63:1:__io_getchar	16	static
../Src/main.c:96:6:HAL_GPIO_EXTI_Callback	16	static
../Src/main.c:103:6:updateMorseLetter	16	static
../Src/main.c:118:6:printMorseLetter	16	static
../Src/main.c:128:6:getLetterFromMorse	24	static
../Src/main.c:164:5:main	24	static
../Src/main.c:243:6:SystemClock_Config	96	static
../Src/main.c:294:13:MX_USART1_UART_Init	8	static
../Src/main.c:342:13:MX_GPIO_Init	40	static
../Src/main.c:387:6:Error_Handler	4	static,ignoring_inline_asm
