Archive member included to satisfy reference by file (symbol)

/Users/chefluke/STM32Cube/ECSE444/Lab/lib/libarm_cortexM4lf_math.a(arm_std_f32.o)
                              ./Src/main.o (arm_std_f32)
/Users/chefluke/STM32Cube/ECSE444/Lab/lib/libarm_cortexM4lf_math.a(arm_mean_f32.o)
                              ./Src/main.o (arm_mean_f32)
/Users/chefluke/STM32Cube/ECSE444/Lab/lib/libarm_cortexM4lf_math.a(arm_correlate_f32.o)
                              ./Src/main.o (arm_correlate_f32)
/Users/chefluke/STM32Cube/ECSE444/Lab/lib/libarm_cortexM4lf_math.a(arm_conv_f32.o)
                              ./Src/main.o (arm_conv_f32)
/Users/chefluke/STM32Cube/ECSE444/Lab/lib/libarm_cortexM4lf_math.a(arm_sub_f32.o)
                              ./Src/main.o (arm_sub_f32)
/Users/chefluke/STM32Cube/ECSE444/Lab/lib/libarm_cortexM4lf_math.a(arm_mult_f32.o)
                              ./Src/main.o (arm_mult_f32)
/Users/chefluke/STM32Cube/ECSE444/Lab/lib/libarm_cortexM4lf_math.a(arm_add_f32.o)
                              ./Src/main.o (arm_add_f32)
/Applications/STMicroelectronics/STM32CubeIDE.app/Contents/Eclipse/plugins/com.st.stm32cube.ide.mcu.externaltools.gnu-tools-for-stm32.10.3-2021.10.macos64_1.0.100.202210260954/tools/bin/../lib/gcc/arm-none-eabi/10.3.1/../../../../arm-none-eabi/lib/thumb/v7e-m+fp/hard/libc_nano.a(lib_a-errno.o)
                              ./Src/syscalls.o (__errno)
/Applications/STMicroelectronics/STM32CubeIDE.app/Contents/Eclipse/plugins/com.st.stm32cube.ide.mcu.externaltools.gnu-tools-for-stm32.10.3-2021.10.macos64_1.0.100.202210260954/tools/bin/../lib/gcc/arm-none-eabi/10.3.1/../../../../arm-none-eabi/lib/thumb/v7e-m+fp/hard/libc_nano.a(lib_a-exit.o)
                              /Applications/STMicroelectronics/STM32CubeIDE.app/Contents/Eclipse/plugins/com.st.stm32cube.ide.mcu.externaltools.gnu-tools-for-stm32.10.3-2021.10.macos64_1.0.100.202210260954/tools/bin/../lib/gcc/arm-none-eabi/10.3.1/../../../../arm-none-eabi/lib/thumb/v7e-m+fp/hard/crt0.o (exit)
/Applications/STMicroelectronics/STM32CubeIDE.app/Contents/Eclipse/plugins/com.st.stm32cube.ide.mcu.externaltools.gnu-tools-for-stm32.10.3-2021.10.macos64_1.0.100.202210260954/tools/bin/../lib/gcc/arm-none-eabi/10.3.1/../../../../arm-none-eabi/lib/thumb/v7e-m+fp/hard/libc_nano.a(lib_a-impure.o)
                              /Applications/STMicroelectronics/STM32CubeIDE.app/Contents/Eclipse/plugins/com.st.stm32cube.ide.mcu.externaltools.gnu-tools-for-stm32.10.3-2021.10.macos64_1.0.100.202210260954/tools/bin/../lib/gcc/arm-none-eabi/10.3.1/../../../../arm-none-eabi/lib/thumb/v7e-m+fp/hard/libc_nano.a(lib_a-exit.o) (_global_impure_ptr)
/Applications/STMicroelectronics/STM32CubeIDE.app/Contents/Eclipse/plugins/com.st.stm32cube.ide.mcu.externaltools.gnu-tools-for-stm32.10.3-2021.10.macos64_1.0.100.202210260954/tools/bin/../lib/gcc/arm-none-eabi/10.3.1/../../../../arm-none-eabi/lib/thumb/v7e-m+fp/hard/libc_nano.a(lib_a-init.o)
                              /Applications/STMicroelectronics/STM32CubeIDE.app/Contents/Eclipse/plugins/com.st.stm32cube.ide.mcu.externaltools.gnu-tools-for-stm32.10.3-2021.10.macos64_1.0.100.202210260954/tools/bin/../lib/gcc/arm-none-eabi/10.3.1/../../../../arm-none-eabi/lib/thumb/v7e-m+fp/hard/crt0.o (__libc_init_array)
/Applications/STMicroelectronics/STM32CubeIDE.app/Contents/Eclipse/plugins/com.st.stm32cube.ide.mcu.externaltools.gnu-tools-for-stm32.10.3-2021.10.macos64_1.0.100.202210260954/tools/bin/../lib/gcc/arm-none-eabi/10.3.1/../../../../arm-none-eabi/lib/thumb/v7e-m+fp/hard/libc_nano.a(lib_a-memcpy-stub.o)
                              ./Src/main.o (memcpy)
/Applications/STMicroelectronics/STM32CubeIDE.app/Contents/Eclipse/plugins/com.st.stm32cube.ide.mcu.externaltools.gnu-tools-for-stm32.10.3-2021.10.macos64_1.0.100.202210260954/tools/bin/../lib/gcc/arm-none-eabi/10.3.1/../../../../arm-none-eabi/lib/thumb/v7e-m+fp/hard/libc_nano.a(lib_a-memset.o)
                              /Applications/STMicroelectronics/STM32CubeIDE.app/Contents/Eclipse/plugins/com.st.stm32cube.ide.mcu.externaltools.gnu-tools-for-stm32.10.3-2021.10.macos64_1.0.100.202210260954/tools/bin/../lib/gcc/arm-none-eabi/10.3.1/../../../../arm-none-eabi/lib/thumb/v7e-m+fp/hard/crt0.o (memset)
/Applications/STMicroelectronics/STM32CubeIDE.app/Contents/Eclipse/plugins/com.st.stm32cube.ide.mcu.externaltools.gnu-tools-for-stm32.10.3-2021.10.macos64_1.0.100.202210260954/tools/bin/../lib/gcc/arm-none-eabi/10.3.1/../../../../arm-none-eabi/lib/thumb/v7e-m+fp/hard/libm.a(lib_a-w_sqrt.o)
                              ./Src/main.o (sqrt)
/Applications/STMicroelectronics/STM32CubeIDE.app/Contents/Eclipse/plugins/com.st.stm32cube.ide.mcu.externaltools.gnu-tools-for-stm32.10.3-2021.10.macos64_1.0.100.202210260954/tools/bin/../lib/gcc/arm-none-eabi/10.3.1/../../../../arm-none-eabi/lib/thumb/v7e-m+fp/hard/libm.a(lib_a-wf_sqrt.o)
                              /Users/chefluke/STM32Cube/ECSE444/Lab/lib/libarm_cortexM4lf_math.a(arm_std_f32.o) (sqrtf)
[...]
Memory Configuration

Name             Origin             Length             Attributes
RAM              0x0000000020000000 0x00000000000a0000 xrw
RAM2             0x0000000010000000 0x0000000000010000 xrw
RAM3             0x0000000020040000 0x0000000000060000 xrw
FLASH            0x0000000008000000 0x0000000000200000 xr
*default*        0x0000000000000000 0xffffffffffffffff

Linker script and memory map

LOAD /Applications/STMicroelectronics/STM32CubeIDE.app/Contents/Eclipse/plugins/com.st.stm32cube.ide.mcu.externaltools.gnu-tools-for-stm32.10.3-2021.10.macos64_1.0.100.202210260954/tools/bin/../lib/gcc/arm-none-eabi/10.3.1/thumb/v7e-m+fp/hard/crti.o
LOAD /Applications/STMicroelectronics/STM32CubeIDE.app/Contents/Eclipse/plugins/com.st.stm32cube.ide.mcu.externaltools.gnu-tools-for-stm32.10.3-2021.10.macos64_1.0.100.202210260954/tools/bin/../lib/gcc/arm-none-eabi/10.3.1/thumb/v7e-m+fp/hard/crtbegin.o
LOAD /Applications/STMicroelectronics/STM32CubeIDE.app/Contents/Eclipse/plugins/com.st.stm32cube.ide.mcu.externaltools.gnu-tools-for-stm32.10.3-2021.10.macos64_1.0.100.202210260954/tools/bin/../lib/gcc/arm-none-eabi/10.3.1/../../../../arm-none-eabi/lib/thumb/v7e-m+fp/hard/crt0.o
LOAD ./Drivers/STM32L4xx_HAL_Driver/Src/stm32l4xx_hal.o
LOAD ./Drivers/STM32L4xx_HAL_Driver/Src/stm32l4xx_hal_cortex.o
LOAD ./Drivers/STM32L4xx_HAL_Driver/Src/stm32l4xx_hal_dma.o
LOAD ./Drivers/STM32L4xx_HAL_Driver/Src/stm32l4xx_hal_dma_ex.o
LOAD ./Drivers/STM32L4xx_HAL_Driver/Src/stm32l4xx_hal_exti.o
LOAD ./Drivers/STM32L4xx_HAL_Driver/Src/stm32l4xx_hal_flash.o
LOAD ./Drivers/STM32L4xx_HAL_Driver/Src/stm32l4xx_hal_flash_ex.o
LOAD ./Drivers/STM32L4xx_HAL_Driver/Src/stm32l4xx_hal_flash_ramfunc.o
LOAD ./Drivers/STM32L4xx_HAL_Driver/Src/stm32l4xx_hal_gpio.o
LOAD ./Drivers/STM32L4xx_HAL_Driver/Src/stm32l4xx_hal_i2c.o
LOAD ./Drivers/STM32L4xx_HAL_Driver/Src/stm32l4xx_hal_i2c_ex.o
LOAD ./Drivers/STM32L4xx_HAL_Driver/Src/stm32l4xx_hal_pwr.o
LOAD ./Drivers/STM32L4xx_HAL_Driver/Src/stm32l4xx_hal_pwr_ex.o
LOAD ./Drivers/STM32L4xx_HAL_Driver/Src/stm32l4xx_hal_rcc.o
LOAD ./Drivers/STM32L4xx_HAL_Driver/Src/stm32l4xx_hal_rcc_ex.o
LOAD ./Drivers/STM32L4xx_HAL_Driver/Src/stm32l4xx_hal_tim.o
LOAD ./Drivers/STM32L4xx_HAL_Driver/Src/stm32l4xx_hal_tim_ex.o
LOAD ./Src/kalman.o
LOAD ./Src/main.o
LOAD ./Src/stm32l4xx_hal_msp.o
LOAD ./Src/stm32l4xx_it.o
LOAD ./Src/syscalls.o
LOAD ./Src/sysmem.o
LOAD ./Src/system_stm32l4xx.o
LOAD ./Startup/startup_stm32l4s5vitx.o
LOAD /Users/chefluke/STM32Cube/ECSE444/Lab/lib/libarm_cortexM4lf_math.a
START GROUP
LOAD /Applications/STMicroelectronics/STM32CubeIDE.app/Contents/Eclipse/plugins/com.st.stm32cube.ide.mcu.externaltools.gnu-tools-for-stm32.10.3-2021.10.macos64_1.0.100.202210260954/tools/bin/../lib/gcc/arm-none-eabi/10.3.1/../../../../arm-none-eabi/lib/thumb/v7e-m+fp/hard/libc_nano.a
LOAD /Applications/STMicroelectronics/STM32CubeIDE.app/Contents/Eclipse/plugins/com.st.stm32cube.ide.mcu.externaltools.gnu-tools-for-stm32.10.3-2021.10.macos64_1.0.100.202210260954/tools/bin/../lib/gcc/arm-none-eabi/10.3.1/../../../../arm-none-eabi/lib/thumb/v7e-m+fp/hard/libm.a
END GROUP
START GROUP
LOAD /Applications/STMicroelectronics/STM32CubeIDE.app/Contents/Eclipse/plugins/com.st.stm32cube.ide.mcu.externaltools.gnu-tools-for-stm32.10.3-2021.10.macos64_1.0.100.202210260954/tools/bin/../lib/gcc/arm-none-eabi/10.3.1/thumb/v7e-m+fp/hard/libgcc.a
LOAD /Applications/STMicroelectronics/STM32CubeIDE.app/Contents/Eclipse/plugins/com.st.stm32cube.ide.mcu.externaltools.gnu-tools-for-stm32.10.3-2021.10.macos64_1.0.100.202210260954/tools/bin/../lib/gcc/arm-none-eabi/10.3.1/../../../../arm-none-eabi/lib/thumb/v7e-m+fp/hard/libc_nano.a
END GROUP
START GROUP
LOAD /Applications/STMicroelectronics/STM32CubeIDE.app/Contents/Eclipse/plugins/com.st.stm32cube.ide.mcu.externaltools.gnu-tools-for-stm32.10.3-2021.10.macos64_1.0.100.202210260954/tools/bin/../lib/gcc/arm-none-eabi/10.3.1/thumb/v7e-m+fp/hard/libgcc.a
LOAD /Applications/STMicroelectronics/STM32CubeIDE.app/Contents/Eclipse/plugins/com.st.stm32cube.ide.mcu.externaltools.gnu-tools-for-stm32.10.3-2021.10.macos64_1.0.100.202210260954/tools/bin/../lib/gcc/arm-none-eabi/10.3.1/../../../../arm-none-eabi/lib/thumb/v7e-m+fp/hard/libc_nano.a
LOAD /Applications/STMicroelectronics/STM32CubeIDE.app/Contents/Eclipse/plugins/com.st.stm32cube.ide.mcu.externaltools.gnu-tools-for-stm32.10.3-2021.10.macos64_1.0.100.202210260954/tools/bin/../lib/gcc/arm-none-eabi/10.3.1/../../../../arm-none-eabi/lib/thumb/v7e-m+fp/hard/libnosys.a
END GROUP
START GROUP
LOAD /Applications/STMicroelectronics/STM32CubeIDE.app/Contents/Eclipse/plugins/com.st.stm32cube.ide.mcu.externaltools.gnu-tools-for-stm32.10.3-2021.10.macos64_1.0.100.202210260954/tools/bin/../lib/gcc/arm-none-eabi/10.3.1/thumb/v7e-m+fp/hard/libgcc.a
LOAD /Applications/STMicroelectronics/STM32CubeIDE.app/Contents/Eclipse/plugins/com.st.stm32cube.ide.mcu.externaltools.gnu-tools-for-stm32.10.3-2021.10.macos64_1.0.100.202210260954/tools/bin/../lib/gcc/arm-none-eabi/10.3.1/../../../../arm-none-eabi/lib/thumb/v7e-m+fp/hard/libc_nano.a
LOAD /Applications/STMicroelectronics/STM32CubeIDE.app/Contents/Eclipse/plugins/com.st.stm32cube.ide.mcu.externaltools.gnu-tools-for-stm32.10.3-2021.10.macos64_1.0.100.202210260954/tools/bin/../lib/gcc/arm-none-eabi/10.3.1/../../../../arm-none-eabi/lib/thumb/v7e-m+fp/hard/libnosys.a
END GROUP
LOAD /Applications/STMicroelectronics/STM32CubeIDE.app/Contents/Eclipse/plugins/com.st.stm32cube.ide.mcu.externaltools.gnu-tools-for-stm32.10.3-2021.10.macos64_1.0.100.202210260954/tools/bin/../lib/gcc/arm-none-eabi/10.3.1/thumb/v7e-m+fp/hard/crtend.o
LOAD /Applications/STMicroelectronics/STM32CubeIDE.app/Contents/Eclipse/plugins/com.st.stm32cube.ide.mcu.externaltools.gnu-tools-for-stm32.10.3-2021.10.macos64_1.0.100.202210260954/tools/bin/../lib/gcc/arm-none-eabi/10.3.1/thumb/v7e-m+fp/hard/crtn.o
                0x00000000200a0000                _estack = (ORIGIN (RAM) + LENGTH (RAM))
                0x0000000000000200                _Min_Heap_Size = 0x200
                0x0000000000000400                _Min_Stack_Size = 0x400

.isr_vector     0x0000000008000000      0x1bc
                0x0000000008000000                . = ALIGN (0x4)
 *(.isr_vector)
 .isr_vector    0x0000000008000000      0x1bc ./Startup/startup_stm32l4s5vitx.o
                0x0000000008000000                g_pfnVectors
                0x00000000080001bc                . = ALIGN (0x4)

.text           0x00000000080001bc     0x3580
                0x00000000080001bc                . = ALIGN (0x4)
 *(.text)
 .text          0x00000000080001bc       0x40 /Applications/STMicroelectronics/STM32CubeIDE.app/Contents/Eclipse/plugins/com.st.stm32cube.ide.mcu.externaltools.gnu-tools-for-stm32.10.3-2021.10.macos64_1.0.100.202210260954/tools/bin/../lib/gcc/arm-none-eabi/10.3.1/thumb/v7e-m+fp/hard/crtbegin.o
 .text          0x00000000080001fc       0x4e ./Src/kalman.o
                0x00000000080001fc                kalman
 *fill*         0x000000000800024a        0x2 
 .text          0x000000000800024c      0x378 /Applications/STMicroelectronics/STM32CubeIDE.app/Contents/Eclipse/plugins/com.st.stm32cube.ide.mcu.externaltools.gnu-tools-for-stm32.10.3-2021.10.macos64_1.0.100.202210260954/tools/bin/../lib/gcc/arm-none-eabi/10.3.1/thumb/v7e-m+fp/hard/libgcc.a(_arm_addsubdf3.o)
                0x000000000800024c                __aeabi_drsub
                0x0000000008000254                __subdf3
                0x0000000008000254                __aeabi_dsub
                0x0000000008000258                __aeabi_dadd
                0x0000000008000258                __adddf3
                0x00000000080004d0                __aeabi_ui2d
                0x00000000080004d0                __floatunsidf
                0x00000000080004f0                __floatsidf
                0x00000000080004f0                __aeabi_i2d
                0x0000000008000514                __extendsfdf2
                0x0000000008000514                __aeabi_f2d
                0x0000000008000558                __aeabi_ul2d
                0x0000000008000558                __floatundidf
                0x0000000008000568                __aeabi_l2d
                0x0000000008000568                __floatdidf
 .text          0x00000000080005c4      0x424 /Applications/STMicroelectronics/STM32CubeIDE.app/Contents/Eclipse/plugins/com.st.stm32cube.ide.mcu.externaltools.gnu-tools-for-stm32.10.3-2021.10.macos64_1.0.100.202210260954/tools/bin/../lib/gcc/arm-none-eabi/10.3.1/thumb/v7e-m+fp/hard/libgcc.a(_arm_muldivdf3.o)
                0x00000000080005c4                __aeabi_dmul
                0x00000000080005c4                __muldf3
                0x0000000008000818                __aeabi_ddiv
                0x0000000008000818                __divdf3
 .text          0x00000000080009e8      0x110 /Applications/STMicroelectronics/STM32CubeIDE.app/Contents/Eclipse/plugins/com.st.stm32cube.ide.mcu.externaltools.gnu-tools-for-stm32.10.3-2021.10.macos64_1.0.100.202210260954/tools/bin/../lib/gcc/arm-none-eabi/10.3.1/thumb/v7e-m+fp/hard/libgcc.a(_arm_cmpdf2.o)
                0x00000000080009e8                __gedf2
                0x00000000080009e8                __gtdf2
                0x00000000080009f0                __ledf2
                0x00000000080009f0                __ltdf2
                0x00000000080009f8                __cmpdf2
                0x00000000080009f8                __eqdf2
                0x00000000080009f8                __nedf2
                0x0000000008000a74                __aeabi_cdrcmple
                0x0000000008000a84                __aeabi_cdcmple
                0x0000000008000a84                __aeabi_cdcmpeq
                0x0000000008000a94                __aeabi_dcmpeq
                0x0000000008000aa8                __aeabi_dcmplt
                0x0000000008000abc                __aeabi_dcmple
                0x0000000008000ad0                __aeabi_dcmpge
                0x0000000008000ae4                __aeabi_dcmpgt
 .text          0x0000000008000af8       0x2c /Applications/STMicroelectronics/STM32CubeIDE.app/Contents/Eclipse/plugins/com.st.stm32cube.ide.mcu.externaltools.gnu-tools-for-stm32.10.3-2021.10.macos64_1.0.100.202210260954/tools/bin/../lib/gcc/arm-none-eabi/10.3.1/thumb/v7e-m+fp/hard/libgcc.a(_arm_unorddf2.o)
                0x0000000008000af8                __aeabi_dcmpun
                0x0000000008000af8                __unorddf2
 .text          0x0000000008000b24       0xa0 /Applications/STMicroelectronics/STM32CubeIDE.app/Contents/Eclipse/plugins/com.st.stm32cube.ide.mcu.externaltools.gnu-tools-for-stm32.10.3-2021.10.macos64_1.0.100.202210260954/tools/bin/../lib/gcc/arm-none-eabi/10.3.1/thumb/v7e-m+fp/hard/libgcc.a(_arm_truncdfsf2.o)
                0x0000000008000b24                __aeabi_d2f
                0x0000000008000b24                __truncdfsf2
 *(.text*)
 .text.HAL_Init
                0x0000000008000bc4       0x30 ./Drivers/STM32L4xx_HAL_Driver/Src/stm32l4xx_hal.o
                0x0000000008000bc4                HAL_Init
 .text.HAL_InitTick
                0x0000000008000bf4       0x78 ./Drivers/STM32L4xx_HAL_Driver/Src/stm32l4xx_hal.o
                0x0000000008000bf4                HAL_InitTick
 .text.HAL_IncTick
                0x0000000008000c6c       0x28 ./Drivers/STM32L4xx_HAL_Driver/Src/stm32l4xx_hal.o
                0x0000000008000c6c                HAL_IncTick
 .text.HAL_GetTick
                0x0000000008000c94       0x18 ./Drivers/STM32L4xx_HAL_Driver/Src/stm32l4xx_hal.o
                0x0000000008000c94                HAL_GetTick
 .text.__NVIC_SetPriorityGrouping
                0x0000000008000cac       0x48 ./Drivers/STM32L4xx_HAL_Driver/Src/stm32l4xx_hal_cortex.o
 .text.__NVIC_GetPriorityGrouping
                0x0000000008000cf4       0x1c ./Drivers/STM32L4xx_HAL_Driver/Src/stm32l4xx_hal_cortex.o
 .text.__NVIC_SetPriority
                0x0000000008000d10       0x54 ./Drivers/STM32L4xx_HAL_Driver/Src/stm32l4xx_hal_cortex.o
 .text.NVIC_EncodePriority
                0x0000000008000d64       0x66 ./Drivers/STM32L4xx_HAL_Driver/Src/stm32l4xx_hal_cortex.o
 *fill*         0x0000000008000dca        0x2 
 .text.SysTick_Config
                0x0000000008000dcc       0x44 ./Drivers/STM32L4xx_HAL_Driver/Src/stm32l4xx_hal_cortex.o
 .text.HAL_NVIC_SetPriorityGrouping
                0x0000000008000e10       0x16 ./Drivers/STM32L4xx_HAL_Driver/Src/stm32l4xx_hal_cortex.o
                0x0000000008000e10                HAL_NVIC_SetPriorityGrouping
 .text.HAL_NVIC_SetPriority
                0x0000000008000e26       0x38 ./Drivers/STM32L4xx_HAL_Driver/Src/stm32l4xx_hal_cortex.o
                0x0000000008000e26                HAL_NVIC_SetPriority
 .text.HAL_SYSTICK_Config
                0x0000000008000e5e       0x18 ./Drivers/STM32L4xx_HAL_Driver/Src/stm32l4xx_hal_cortex.o
                0x0000000008000e5e                HAL_SYSTICK_Config
 *fill*         0x0000000008000e76        0x2 
 .text.HAL_PWREx_GetVoltageRange
                0x0000000008000e78       0x40 ./Drivers/STM32L4xx_HAL_Driver/Src/stm32l4xx_hal_pwr_ex.o
                0x0000000008000e78                HAL_PWREx_GetVoltageRange
 .text.HAL_PWREx_ControlVoltageScaling
                0x0000000008000eb8      0x148 ./Drivers/STM32L4xx_HAL_Driver/Src/stm32l4xx_hal_pwr_ex.o
                0x0000000008000eb8                HAL_PWREx_ControlVoltageScaling
 .text.HAL_RCC_OscConfig
                0x0000000008001000      0x834 ./Drivers/STM32L4xx_HAL_Driver/Src/stm32l4xx_hal_rcc.o
                0x0000000008001000                HAL_RCC_OscConfig
 .text.HAL_RCC_ClockConfig
                0x0000000008001834      0x274 ./Drivers/STM32L4xx_HAL_Driver/Src/stm32l4xx_hal_rcc.o
                0x0000000008001834                HAL_RCC_ClockConfig
 .text.HAL_RCC_GetSysClockFreq
                0x0000000008001aa8      0x118 ./Drivers/STM32L4xx_HAL_Driver/Src/stm32l4xx_hal_rcc.o
                0x0000000008001aa8                HAL_RCC_GetSysClockFreq
 .text.RCC_SetFlashLatencyFromMSIRange
                0x0000000008001bc0       0xb4 ./Drivers/STM32L4xx_HAL_Driver/Src/stm32l4xx_hal_rcc.o
 .text.RCC_GetSysClockFreqFromPLLSource
                0x0000000008001c74       0xcc ./Drivers/STM32L4xx_HAL_Driver/Src/stm32l4xx_hal_rcc.o
 .text.Kalmanfilter_assembly
                0x0000000008001d40       0x5c ./Src/main.o
                0x0000000008001d40                Kalmanfilter_assembly
 .text.Kalmanfilter_C
                0x0000000008001d9c      0x148 ./Src/main.o
                0x0000000008001d9c                Kalmanfilter_C
 .text.Kalmanfilter_CMSIS
                0x0000000008001ee4      0x106 ./Src/main.o
                0x0000000008001ee4                Kalmanfilter_CMSIS
 .text.data_processing_C
                0x0000000008001fea      0x298 ./Src/main.o
                0x0000000008001fea                data_processing_C
 .text.data_processing_CMSIS
                0x0000000008002282       0x70 ./Src/main.o
                0x0000000008002282                data_processing_CMSIS
 *fill*         0x00000000080022f2        0x2 
 .text.main     0x00000000080022f4      0x158 ./Src/main.o
                0x00000000080022f4                main
 .text.SystemClock_Config
                0x000000000800244c       0xa2 ./Src/main.o
                0x000000000800244c                SystemClock_Config
 *fill*         0x00000000080024ee        0x2 
 .text.MX_GPIO_Init
                0x00000000080024f0       0x48 ./Src/main.o
 .text.Error_Handler
                0x0000000008002538        0xa ./Src/main.o
                0x0000000008002538                Error_Handler
 *fill*         0x0000000008002542        0x2 
 .text.HAL_MspInit
                0x0000000008002544       0x48 ./Src/stm32l4xx_hal_msp.o
                0x0000000008002544                HAL_MspInit
 .text.NMI_Handler
                0x000000000800258c        0x6 ./Src/stm32l4xx_it.o
                0x000000000800258c                NMI_Handler
 .text.HardFault_Handler
                0x0000000008002592        0x6 ./Src/stm32l4xx_it.o
                0x0000000008002592                HardFault_Handler
 .text.MemManage_Handler
                0x0000000008002598        0x6 ./Src/stm32l4xx_it.o
                0x0000000008002598                MemManage_Handler
 .text.BusFault_Handler
                0x000000000800259e        0x6 ./Src/stm32l4xx_it.o
                0x000000000800259e                BusFault_Handler
 .text.UsageFault_Handler
                0x00000000080025a4        0x6 ./Src/stm32l4xx_it.o
                0x00000000080025a4                UsageFault_Handler
 .text.SVC_Handler
                0x00000000080025aa        0xe ./Src/stm32l4xx_it.o
                0x00000000080025aa                SVC_Handler
 .text.DebugMon_Handler
                0x00000000080025b8        0xe ./Src/stm32l4xx_it.o
                0x00000000080025b8                DebugMon_Handler
 .text.PendSV_Handler
                0x00000000080025c6        0xe ./Src/stm32l4xx_it.o
                0x00000000080025c6                PendSV_Handler
 .text.SysTick_Handler
                0x00000000080025d4        0xc ./Src/stm32l4xx_it.o
                0x00000000080025d4                SysTick_Handler
 .text.SystemInit
                0x00000000080025e0       0x24 ./Src/system_stm32l4xx.o
                0x00000000080025e0                SystemInit
 .text.Reset_Handler
                0x0000000008002604       0x50 ./Startup/startup_stm32l4s5vitx.o
                0x0000000008002604                Reset_Handler
 .text.Default_Handler
                0x0000000008002654        0x2 ./Startup/startup_stm32l4s5vitx.o
                0x0000000008002654                TIM1_BRK_TIM15_IRQHandler
                0x0000000008002654                EXTI2_IRQHandler
                0x0000000008002654                TIM8_TRG_COM_IRQHandler
                0x0000000008002654                TIM8_CC_IRQHandler
                0x0000000008002654                TIM1_CC_IRQHandler
                0x0000000008002654                TSC_IRQHandler
                0x0000000008002654                TAMP_STAMP_IRQHandler
                0x0000000008002654                EXTI3_IRQHandler
                0x0000000008002654                LPTIM2_IRQHandler
                0x0000000008002654                DFSDM1_FLT1_IRQHandler
                0x0000000008002654                GFXMMU_IRQHandler
                0x0000000008002654                I2C3_ER_IRQHandler
                0x0000000008002654                DFSDM1_FLT2_IRQHandler
                0x0000000008002654                EXTI0_IRQHandler
                0x0000000008002654                I2C2_EV_IRQHandler
                0x0000000008002654                CAN1_RX0_IRQHandler
                0x0000000008002654                FPU_IRQHandler
                0x0000000008002654                TIM1_UP_TIM16_IRQHandler
                0x0000000008002654                LTDC_ER_IRQHandler
                0x0000000008002654                SPI1_IRQHandler
                0x0000000008002654                OCTOSPI1_IRQHandler
                0x0000000008002654                TIM6_DAC_IRQHandler
                0x0000000008002654                DCMI_IRQHandler
                0x0000000008002654                TIM8_UP_IRQHandler
                0x0000000008002654                OCTOSPI2_IRQHandler
                0x0000000008002654                DMA2_Channel2_IRQHandler
                0x0000000008002654                DMA1_Channel4_IRQHandler
                0x0000000008002654                SAI2_IRQHandler
                0x0000000008002654                ADC1_IRQHandler
                0x0000000008002654                DFSDM1_FLT3_IRQHandler
                0x0000000008002654                USART3_IRQHandler
                0x0000000008002654                DMA1_Channel7_IRQHandler
                0x0000000008002654                CAN1_RX1_IRQHandler
                0x0000000008002654                UART5_IRQHandler
                0x0000000008002654                TIM4_IRQHandler
                0x0000000008002654                DMA2_Channel1_IRQHandler
                0x0000000008002654                I2C1_EV_IRQHandler
                0x0000000008002654                DMAMUX1_OVR_IRQHandler
                0x0000000008002654                DMA1_Channel6_IRQHandler
                0x0000000008002654                UART4_IRQHandler
                0x0000000008002654                DMA2_Channel4_IRQHandler
                0x0000000008002654                TIM3_IRQHandler
                0x0000000008002654                RCC_IRQHandler
                0x0000000008002654                DMA1_Channel1_IRQHandler
                0x0000000008002654                Default_Handler
                0x0000000008002654                DMA2_Channel7_IRQHandler
                0x0000000008002654                EXTI15_10_IRQHandler
                0x0000000008002654                TIM7_IRQHandler
                0x0000000008002654                SDMMC1_IRQHandler
                0x0000000008002654                TIM5_IRQHandler
                0x0000000008002654                I2C3_EV_IRQHandler
                0x0000000008002654                EXTI9_5_IRQHandler
                0x0000000008002654                RTC_WKUP_IRQHandler
                0x0000000008002654                LTDC_IRQHandler
                0x0000000008002654                PVD_PVM_IRQHandler
                0x0000000008002654                SPI2_IRQHandler
                0x0000000008002654                CAN1_TX_IRQHandler
                0x0000000008002654                DMA2_Channel5_IRQHandler
                0x0000000008002654                DMA1_Channel5_IRQHandler
                0x0000000008002654                EXTI4_IRQHandler
                0x0000000008002654                RNG_IRQHandler
                0x0000000008002654                TIM1_TRG_COM_TIM17_IRQHandler
                0x0000000008002654                DMA1_Channel3_IRQHandler
                0x0000000008002654                COMP_IRQHandler
                0x0000000008002654                HASH_CRS_IRQHandler
                0x0000000008002654                WWDG_IRQHandler
                0x0000000008002654                I2C4_EV_IRQHandler
                0x0000000008002654                LPUART1_IRQHandler
                0x0000000008002654                DMA2_Channel6_IRQHandler
                0x0000000008002654                TIM2_IRQHandler
                0x0000000008002654                DMA2D_IRQHandler
                0x0000000008002654                EXTI1_IRQHandler
                0x0000000008002654                AES_IRQHandler
                0x0000000008002654                USART2_IRQHandler
                0x0000000008002654                DFSDM1_FLT0_IRQHandler
                0x0000000008002654                I2C2_ER_IRQHandler
                0x0000000008002654                DMA1_Channel2_IRQHandler
                0x0000000008002654                TIM8_BRK_IRQHandler
                0x0000000008002654                CAN1_SCE_IRQHandler
                0x0000000008002654                FLASH_IRQHandler
                0x0000000008002654                USART1_IRQHandler
                0x0000000008002654                OTG_FS_IRQHandler
                0x0000000008002654                SPI3_IRQHandler
                0x0000000008002654                I2C1_ER_IRQHandler
                0x0000000008002654                FMC_IRQHandler
                0x0000000008002654                LPTIM1_IRQHandler
                0x0000000008002654                I2C4_ER_IRQHandler
                0x0000000008002654                SAI1_IRQHandler
                0x0000000008002654                DMA2_Channel3_IRQHandler
                0x0000000008002654                RTC_Alarm_IRQHandler
 *fill*         0x0000000008002656        0x2 
 .text.arm_std_f32
                0x0000000008002658      0x114 /Users/chefluke/STM32Cube/ECSE444/Lab/lib/libarm_cortexM4lf_math.a(arm_std_f32.o)
                0x0000000008002658                arm_std_f32
 .text.arm_mean_f32
                0x000000000800276c       0x7c /Users/chefluke/STM32Cube/ECSE444/Lab/lib/libarm_cortexM4lf_math.a(arm_mean_f32.o)
                0x000000000800276c                arm_mean_f32
 .text.arm_correlate_f32
                0x00000000080027e8      0x56c /Users/chefluke/STM32Cube/ECSE444/Lab/lib/libarm_cortexM4lf_math.a(arm_correlate_f32.o)
                0x00000000080027e8                arm_correlate_f32
 .text.arm_conv_f32
                0x0000000008002d54      0x534 /Users/chefluke/STM32Cube/ECSE444/Lab/lib/libarm_cortexM4lf_math.a(arm_conv_f32.o)
                0x0000000008002d54                arm_conv_f32
 .text.arm_sub_f32
                0x0000000008003288       0xb4 /Users/chefluke/STM32Cube/ECSE444/Lab/lib/libarm_cortexM4lf_math.a(arm_sub_f32.o)
                0x0000000008003288                arm_sub_f32
 .text.arm_mult_f32
                0x000000000800333c       0xb4 /Users/chefluke/STM32Cube/ECSE444/Lab/lib/libarm_cortexM4lf_math.a(arm_mult_f32.o)
                0x000000000800333c                arm_mult_f32
 .text.arm_add_f32
                0x00000000080033f0       0xb4 /Users/chefluke/STM32Cube/ECSE444/Lab/lib/libarm_cortexM4lf_math.a(arm_add_f32.o)
                0x00000000080033f0                arm_add_f32
 .text.__errno  0x00000000080034a4        0xc /Applications/STMicroelectronics/STM32CubeIDE.app/Contents/Eclipse/plugins/com.st.stm32cube.ide.mcu.externaltools.gnu-tools-for-stm32.10.3-2021.10.macos64_1.0.100.202210260954/tools/bin/../lib/gcc/arm-none-eabi/10.3.1/../../../../arm-none-eabi/lib/thumb/v7e-m+fp/hard/libc_nano.a(lib_a-errno.o)
                0x00000000080034a4                __errno
 .text.__libc_init_array
                0x00000000080034b0       0x48 /Applications/STMicroelectronics/STM32CubeIDE.app/Contents/Eclipse/plugins/com.st.stm32cube.ide.mcu.externaltools.gnu-tools-for-stm32.10.3-2021.10.macos64_1.0.100.202210260954/tools/bin/../lib/gcc/arm-none-eabi/10.3.1/../../../../arm-none-eabi/lib/thumb/v7e-m+fp/hard/libc_nano.a(lib_a-init.o)
                0x00000000080034b0                __libc_init_array
 .text.memcpy   0x00000000080034f8       0x1c /Applications/STMicroelectronics/STM32CubeIDE.app/Contents/Eclipse/plugins/com.st.stm32cube.ide.mcu.externaltools.gnu-tools-for-stm32.10.3-2021.10.macos64_1.0.100.202210260954/tools/bin/../lib/gcc/arm-none-eabi/10.3.1/../../../../arm-none-eabi/lib/thumb/v7e-m+fp/hard/libc_nano.a(lib_a-memcpy-stub.o)
                0x00000000080034f8                memcpy
 .text.memset   0x0000000008003514       0x10 /Applications/STMicroelectronics/STM32CubeIDE.app/Contents/Eclipse/plugins/com.st.stm32cube.ide.mcu.externaltools.gnu-tools-for-stm32.10.3-2021.10.macos64_1.0.100.202210260954/tools/bin/../lib/gcc/arm-none-eabi/10.3.1/../../../../arm-none-eabi/lib/thumb/v7e-m+fp/hard/libc_nano.a(lib_a-memset.o)
                0x0000000008003514                memset
 .text.sqrt     0x0000000008003524       0x58 /Applications/STMicroelectronics/STM32CubeIDE.app/Contents/Eclipse/plugins/com.st.stm32cube.ide.mcu.externaltools.gnu-tools-for-stm32.10.3-2021.10.macos64_1.0.100.202210260954/tools/bin/../lib/gcc/arm-none-eabi/10.3.1/../../../../arm-none-eabi/lib/thumb/v7e-m+fp/hard/libm.a(lib_a-w_sqrt.o)
                0x0000000008003524                sqrt
 .text.sqrtf    0x000000000800357c       0x3c /Applications/STMicroelectronics/STM32CubeIDE.app/Contents/Eclipse/plugins/com.st.stm32cube.ide.mcu.externaltools.gnu-tools-for-stm32.10.3-2021.10.macos64_1.0.100.202210260954/tools/bin/../lib/gcc/arm-none-eabi/10.3.1/../../../../arm-none-eabi/lib/thumb/v7e-m+fp/hard/libm.a(lib_a-wf_sqrt.o)
                0x000000000800357c                sqrtf
 .text.__ieee754_sqrt
                0x00000000080035b8      0x164 /Applications/STMicroelectronics/STM32CubeIDE.app/Contents/Eclipse/plugins/com.st.stm32cube.ide.mcu.externaltools.gnu-tools-for-stm32.10.3-2021.10.macos64_1.0.100.202210260954/tools/bin/../lib/gcc/arm-none-eabi/10.3.1/../../../../arm-none-eabi/lib/thumb/v7e-m+fp/hard/libm.a(lib_a-e_sqrt.o)
                0x00000000080035b8                __ieee754_sqrt
 .text.__ieee754_sqrtf
                0x000000000800371c        0x6 /Applications/STMicroelectronics/STM32CubeIDE.app/Contents/Eclipse/plugins/com.st.stm32cube.ide.mcu.externaltools.gnu-tools-for-stm32.10.3-2021.10.macos64_1.0.100.202210260954/tools/bin/../lib/gcc/arm-none-eabi/10.3.1/../../../../arm-none-eabi/lib/thumb/v7e-m+fp/hard/libm.a(lib_a-ef_sqrt.o)
                0x000000000800371c                __ieee754_sqrtf
 *(.glue_7)
 .glue_7        0x0000000008003722        0x0 linker stubs
 *(.glue_7t)
 .glue_7t       0x0000000008003722        0x0 linker stubs
 *(.eh_frame)
 *fill*         0x0000000008003722        0x2 
 .eh_frame      0x0000000008003724        0x0 /Applications/STMicroelectronics/STM32CubeIDE.app/Contents/Eclipse/plugins/com.st.stm32cube.ide.mcu.externaltools.gnu-tools-for-stm32.10.3-2021.10.macos64_1.0.100.202210260954/tools/bin/../lib/gcc/arm-none-eabi/10.3.1/thumb/v7e-m+fp/hard/crtbegin.o
 *(.init)
 .init          0x0000000008003724        0x4 /Applications/STMicroelectronics/STM32CubeIDE.app/Contents/Eclipse/plugins/com.st.stm32cube.ide.mcu.externaltools.gnu-tools-for-stm32.10.3-2021.10.macos64_1.0.100.202210260954/tools/bin/../lib/gcc/arm-none-eabi/10.3.1/thumb/v7e-m+fp/hard/crti.o
                0x0000000008003724                _init
 .init          0x0000000008003728        0x8 /Applications/STMicroelectronics/STM32CubeIDE.app/Contents/Eclipse/plugins/com.st.stm32cube.ide.mcu.externaltools.gnu-tools-for-stm32.10.3-2021.10.macos64_1.0.100.202210260954/tools/bin/../lib/gcc/arm-none-eabi/10.3.1/thumb/v7e-m+fp/hard/crtn.o
 *(.fini)
 .fini          0x0000000008003730        0x4 /Applications/STMicroelectronics/STM32CubeIDE.app/Contents/Eclipse/plugins/com.st.stm32cube.ide.mcu.externaltools.gnu-tools-for-stm32.10.3-2021.10.macos64_1.0.100.202210260954/tools/bin/../lib/gcc/arm-none-eabi/10.3.1/thumb/v7e-m+fp/hard/crti.o
                0x0000000008003730                _fini
 .fini          0x0000000008003734        0x8 /Applications/STMicroelectronics/STM32CubeIDE.app/Contents/Eclipse/plugins/com.st.stm32cube.ide.mcu.externaltools.gnu-tools-for-stm32.10.3-2021.10.macos64_1.0.100.202210260954/tools/bin/../lib/gcc/arm-none-eabi/10.3.1/thumb/v7e-m+fp/hard/crtn.o
                0x000000000800373c                . = ALIGN (0x4)
                0x000000000800373c                _etext = .

.vfp11_veneer   0x000000000800373c        0x0
 .vfp11_veneer  0x000000000800373c        0x0 linker stubs

.v4_bx          0x000000000800373c        0x0
 .v4_bx         0x000000000800373c        0x0 linker stubs

.iplt           0x000000000800373c        0x0
 .iplt          0x000000000800373c        0x0 /Applications/STMicroelectronics/STM32CubeIDE.app/Contents/Eclipse/plugins/com.st.stm32cube.ide.mcu.externaltools.gnu-tools-for-stm32.10.3-2021.10.macos64_1.0.100.202210260954/tools/bin/../lib/gcc/arm-none-eabi/10.3.1/thumb/v7e-m+fp/hard/crtbegin.o

.rodata         0x000000000800373c       0xb8
                0x000000000800373c                . = ALIGN (0x4)
 *(.rodata)
 .rodata        0x000000000800373c       0x78 ./Src/main.o
 *(.rodata*)
 .rodata.AHBPrescTable
                0x00000000080037b4       0x10 ./Src/system_stm32l4xx.o
                0x00000000080037b4                AHBPrescTable
 .rodata.MSIRangeTable
                0x00000000080037c4       0x30 ./Src/system_stm32l4xx.o
                0x00000000080037c4                MSIRangeTable
                0x00000000080037f4                . = ALIGN (0x4)

.rel.dyn        0x00000000080037f4        0x0
 .rel.iplt      0x00000000080037f4        0x0 /Applications/STMicroelectronics/STM32CubeIDE.app/Contents/Eclipse/plugins/com.st.stm32cube.ide.mcu.externaltools.gnu-tools-for-stm32.10.3-2021.10.macos64_1.0.100.202210260954/tools/bin/../lib/gcc/arm-none-eabi/10.3.1/thumb/v7e-m+fp/hard/crtbegin.o

.ARM.extab      0x00000000080037f4        0x0
                0x00000000080037f4                . = ALIGN (0x4)
 *(.ARM.extab* .gnu.linkonce.armextab.*)
                0x00000000080037f4                . = ALIGN (0x4)

.ARM            0x00000000080037f4        0x0
                0x00000000080037f4                . = ALIGN (0x4)
                0x00000000080037f4                __exidx_start = .
 *(.ARM.exidx*)
                0x00000000080037f4                __exidx_end = .
                0x00000000080037f4                . = ALIGN (0x4)

.preinit_array  0x00000000080037f4        0x0
                0x00000000080037f4                . = ALIGN (0x4)
                0x00000000080037f4                PROVIDE (__preinit_array_start = .)
 *(.preinit_array*)
                0x00000000080037f4                PROVIDE (__preinit_array_end = .)
                0x00000000080037f4                . = ALIGN (0x4)

.init_array     0x00000000080037f4        0x4
                0x00000000080037f4                . = ALIGN (0x4)
                0x00000000080037f4                PROVIDE (__init_array_start = .)
 *(SORT_BY_NAME(.init_array.*))
 *(.init_array*)
 .init_array    0x00000000080037f4        0x4 /Applications/STMicroelectronics/STM32CubeIDE.app/Contents/Eclipse/plugins/com.st.stm32cube.ide.mcu.externaltools.gnu-tools-for-stm32.10.3-2021.10.macos64_1.0.100.202210260954/tools/bin/../lib/gcc/arm-none-eabi/10.3.1/thumb/v7e-m+fp/hard/crtbegin.o
                0x00000000080037f8                PROVIDE (__init_array_end = .)
                0x00000000080037f8                . = ALIGN (0x4)

.fini_array     0x00000000080037f8        0x4
                0x00000000080037f8                . = ALIGN (0x4)
                [!provide]                        PROVIDE (__fini_array_start = .)
 *(SORT_BY_NAME(.fini_array.*))
 *(.fini_array*)
 .fini_array    0x00000000080037f8        0x4 /Applications/STMicroelectronics/STM32CubeIDE.app/Contents/Eclipse/plugins/com.st.stm32cube.ide.mcu.externaltools.gnu-tools-for-stm32.10.3-2021.10.macos64_1.0.100.202210260954/tools/bin/../lib/gcc/arm-none-eabi/10.3.1/thumb/v7e-m+fp/hard/crtbegin.o
                [!provide]                        PROVIDE (__fini_array_end = .)
                0x00000000080037fc                . = ALIGN (0x4)
                0x00000000080037fc                _sidata = LOADADDR (.data)

.data           0x0000000020000000       0x70 load address 0x00000000080037fc
                0x0000000020000000                . = ALIGN (0x4)
                0x0000000020000000                _sdata = .
 *(.data)
 *(.data*)
 .data.uwTickPrio
                0x0000000020000000        0x4 ./Drivers/STM32L4xx_HAL_Driver/Src/stm32l4xx_hal.o
                0x0000000020000000                uwTickPrio
 .data.uwTickFreq
                0x0000000020000004        0x1 ./Drivers/STM32L4xx_HAL_Driver/Src/stm32l4xx_hal.o
                0x0000000020000004                uwTickFreq
 *fill*         0x0000000020000005        0x3 
 .data.SystemCoreClock
                0x0000000020000008        0x4 ./Src/system_stm32l4xx.o
                0x0000000020000008                SystemCoreClock
 .data._impure_ptr
                0x000000002000000c        0x4 /Applications/STMicroelectronics/STM32CubeIDE.app/Contents/Eclipse/plugins/com.st.stm32cube.ide.mcu.externaltools.gnu-tools-for-stm32.10.3-2021.10.macos64_1.0.100.202210260954/tools/bin/../lib/gcc/arm-none-eabi/10.3.1/../../../../arm-none-eabi/lib/thumb/v7e-m+fp/hard/libc_nano.a(lib_a-impure.o)
                0x000000002000000c                _impure_ptr
 .data.impure_data
                0x0000000020000010       0x60 /Applications/STMicroelectronics/STM32CubeIDE.app/Contents/Eclipse/plugins/com.st.stm32cube.ide.mcu.externaltools.gnu-tools-for-stm32.10.3-2021.10.macos64_1.0.100.202210260954/tools/bin/../lib/gcc/arm-none-eabi/10.3.1/../../../../arm-none-eabi/lib/thumb/v7e-m+fp/hard/libc_nano.a(lib_a-impure.o)
 *(.RamFunc)
 *(.RamFunc*)
                0x0000000020000070                . = ALIGN (0x4)
                0x0000000020000070                _edata = .

.igot.plt       0x0000000020000070        0x0 load address 0x000000000800386c
 .igot.plt      0x0000000020000070        0x0 /Applications/STMicroelectronics/STM32CubeIDE.app/Contents/Eclipse/plugins/com.st.stm32cube.ide.mcu.externaltools.gnu-tools-for-stm32.10.3-2021.10.macos64_1.0.100.202210260954/tools/bin/../lib/gcc/arm-none-eabi/10.3.1/thumb/v7e-m+fp/hard/crtbegin.o
                0x0000000020000070                . = ALIGN (0x4)

.bss            0x0000000020000070       0x20 load address 0x000000000800386c
                0x0000000020000070                _sbss = .
                0x0000000020000070                __bss_start__ = _sbss
 *(.bss)
 .bss           0x0000000020000070       0x1c /Applications/STMicroelectronics/STM32CubeIDE.app/Contents/Eclipse/plugins/com.st.stm32cube.ide.mcu.externaltools.gnu-tools-for-stm32.10.3-2021.10.macos64_1.0.100.202210260954/tools/bin/../lib/gcc/arm-none-eabi/10.3.1/thumb/v7e-m+fp/hard/crtbegin.o
 *(.bss*)
 .bss.uwTick    0x000000002000008c        0x4 ./Drivers/STM32L4xx_HAL_Driver/Src/stm32l4xx_hal.o
                0x000000002000008c                uwTick
 *(COMMON)
                0x0000000020000090                . = ALIGN (0x4)
                0x0000000020000090                _ebss = .
                0x0000000020000090                __bss_end__ = _ebss

._user_heap_stack
                0x0000000020000090      0x600 load address 0x000000000800386c
                0x0000000020000090                . = ALIGN (0x8)
                [!provide]                        PROVIDE (end = .)
                0x0000000020000090                PROVIDE (_end = .)
                0x0000000020000290                . = (. + _Min_Heap_Size)
 *fill*         0x0000000020000090      0x200 
                0x0000000020000690                . = (. + _Min_Stack_Size)
 *fill*         0x0000000020000290      0x400 
                0x0000000020000690                . = ALIGN (0x8)

/DISCARD/
 libc.a(*)
 libm.a(*)
 libgcc.a(*)

.ARM.attributes
                0x0000000000000000       0x30
 *(.ARM.attributes)
 .ARM.attributes
                0x0000000000000000       0x1e /Applications/STMicroelectronics/STM32CubeIDE.app/Contents/Eclipse/plugins/com.st.stm32cube.ide.mcu.externaltools.gnu-tools-for-stm32.10.3-2021.10.macos64_1.0.100.202210260954/tools/bin/../lib/gcc/arm-none-eabi/10.3.1/thumb/v7e-m+fp/hard/crti.o
 .ARM.attributes
                0x000000000000001e       0x34 /Applications/STMicroelectronics/STM32CubeIDE.app/Contents/Eclipse/plugins/com.st.stm32cube.ide.mcu.externaltools.gnu-tools-for-stm32.10.3-2021.10.macos64_1.0.100.202210260954/tools/bin/../lib/gcc/arm-none-eabi/10.3.1/thumb/v7e-m+fp/hard/crtbegin.o
 .ARM.attributes
                0x0000000000000052       0x34 ./Drivers/STM32L4xx_HAL_Driver/Src/stm32l4xx_hal.o
 .ARM.attributes
                0x0000000000000086       0x34 ./Drivers/STM32L4xx_HAL_Driver/Src/stm32l4xx_hal_cortex.o
 .ARM.attributes
                0x00000000000000ba       0x34 ./Drivers/STM32L4xx_HAL_Driver/Src/stm32l4xx_hal_pwr_ex.o
 .ARM.attributes
                0x00000000000000ee       0x34 ./Drivers/STM32L4xx_HAL_Driver/Src/stm32l4xx_hal_rcc.o
 .ARM.attributes
                0x0000000000000122       0x20 ./Src/kalman.o
 .ARM.attributes
                0x0000000000000142       0x34 ./Src/main.o
 .ARM.attributes
                0x0000000000000176       0x34 ./Src/stm32l4xx_hal_msp.o
 .ARM.attributes
                0x00000000000001aa       0x34 ./Src/stm32l4xx_it.o
 .ARM.attributes
                0x00000000000001de       0x34 ./Src/system_stm32l4xx.o
 .ARM.attributes
                0x0000000000000212       0x21 ./Startup/startup_stm32l4s5vitx.o
 .ARM.attributes
                0x0000000000000233       0x34 /Users/chefluke/STM32Cube/ECSE444/Lab/lib/libarm_cortexM4lf_math.a(arm_std_f32.o)
 .ARM.attributes
                0x0000000000000267       0x34 /Users/chefluke/STM32Cube/ECSE444/Lab/lib/libarm_cortexM4lf_math.a(arm_mean_f32.o)
 .ARM.attributes
                0x000000000000029b       0x34 /Users/chefluke/STM32Cube/ECSE444/Lab/lib/libarm_cortexM4lf_math.a(arm_correlate_f32.o)
 .ARM.attributes
                0x00000000000002cf       0x34 /Users/chefluke/STM32Cube/ECSE444/Lab/lib/libarm_cortexM4lf_math.a(arm_conv_f32.o)
 .ARM.attributes
                0x0000000000000303       0x34 /Users/chefluke/STM32Cube/ECSE444/Lab/lib/libarm_cortexM4lf_math.a(arm_sub_f32.o)
 .ARM.attributes
                0x0000000000000337       0x34 /Users/chefluke/STM32Cube/ECSE444/Lab/lib/libarm_cortexM4lf_math.a(arm_mult_f32.o)
 .ARM.attributes
                0x000000000000036b       0x34 /Users/chefluke/STM32Cube/ECSE444/Lab/lib/libarm_cortexM4lf_math.a(arm_add_f32.o)
 .ARM.attributes
                0x000000000000039f       0x34 /Applications/STMicroelectronics/STM32CubeIDE.app/Contents/Eclipse/plugins/com.st.stm32cube.ide.mcu.externaltools.gnu-tools-for-stm32.10.3-2021.10.macos64_1.0.100.202210260954/tools/bin/../lib/gcc/arm-none-eabi/10.3.1/../../../../arm-none-eabi/lib/thumb/v7e-m+fp/hard/libc_nano.a(lib_a-errno.o)
 .ARM.attributes
                0x00000000000003d3       0x34 /Applications/STMicroelectronics/STM32CubeIDE.app/Contents/Eclipse/plugins/com.st.stm32cube.ide.mcu.externaltools.gnu-tools-for-stm32.10.3-2021.10.macos64_1.0.100.202210260954/tools/bin/../lib/gcc/arm-none-eabi/10.3.1/../../../../arm-none-eabi/lib/thumb/v7e-m+fp/hard/libc_nano.a(lib_a-impure.o)
 .ARM.attributes
                0x0000000000000407       0x34 /Applications/STMicroelectronics/STM32CubeIDE.app/Contents/Eclipse/plugins/com.st.stm32cube.ide.mcu.externaltools.gnu-tools-for-stm32.10.3-2021.10.macos64_1.0.100.202210260954/tools/bin/../lib/gcc/arm-none-eabi/10.3.1/../../../../arm-none-eabi/lib/thumb/v7e-m+fp/hard/libc_nano.a(lib_a-init.o)
 .ARM.attributes
                0x000000000000043b       0x34 /Applications/STMicroelectronics/STM32CubeIDE.app/Contents/Eclipse/plugins/com.st.stm32cube.ide.mcu.externaltools.gnu-tools-for-stm32.10.3-2021.10.macos64_1.0.100.202210260954/tools/bin/../lib/gcc/arm-none-eabi/10.3.1/../../../../arm-none-eabi/lib/thumb/v7e-m+fp/hard/libc_nano.a(lib_a-memcpy-stub.o)
 .ARM.attributes
                0x000000000000046f       0x34 /Applications/STMicroelectronics/STM32CubeIDE.app/Contents/Eclipse/plugins/com.st.stm32cube.ide.mcu.externaltools.gnu-tools-for-stm32.10.3-2021.10.macos64_1.0.100.202210260954/tools/bin/../lib/gcc/arm-none-eabi/10.3.1/../../../../arm-none-eabi/lib/thumb/v7e-m+fp/hard/libc_nano.a(lib_a-memset.o)
 .ARM.attributes
                0x00000000000004a3       0x34 /Applications/STMicroelectronics/STM32CubeIDE.app/Contents/Eclipse/plugins/com.st.stm32cube.ide.mcu.externaltools.gnu-tools-for-stm32.10.3-2021.10.macos64_1.0.100.202210260954/tools/bin/../lib/gcc/arm-none-eabi/10.3.1/../../../../arm-none-eabi/lib/thumb/v7e-m+fp/hard/libm.a(lib_a-w_sqrt.o)
 .ARM.attributes
                0x00000000000004d7       0x34 /Applications/STMicroelectronics/STM32CubeIDE.app/Contents/Eclipse/plugins/com.st.stm32cube.ide.mcu.externaltools.gnu-tools-for-stm32.10.3-2021.10.macos64_1.0.100.202210260954/tools/bin/../lib/gcc/arm-none-eabi/10.3.1/../../../../arm-none-eabi/lib/thumb/v7e-m+fp/hard/libm.a(lib_a-wf_sqrt.o)
 .ARM.attributes
                0x000000000000050b       0x34 /Applications/STMicroelectronics/STM32CubeIDE.app/Contents/Eclipse/plugins/com.st.stm32cube.ide.mcu.externaltools.gnu-tools-for-stm32.10.3-2021.10.macos64_1.0.100.202210260954/tools/bin/../lib/gcc/arm-none-eabi/10.3.1/../../../../arm-none-eabi/lib/thumb/v7e-m+fp/hard/libm.a(lib_a-e_sqrt.o)
 .ARM.attributes
                0x000000000000053f       0x34 /Applications/STMicroelectronics/STM32CubeIDE.app/Contents/Eclipse/plugins/com.st.stm32cube.ide.mcu.externaltools.gnu-tools-for-stm32.10.3-2021.10.macos64_1.0.100.202210260954/tools/bin/../lib/gcc/arm-none-eabi/10.3.1/../../../../arm-none-eabi/lib/thumb/v7e-m+fp/hard/libm.a(lib_a-ef_sqrt.o)
 .ARM.attributes
                0x0000000000000573       0x1e /Applications/STMicroelectronics/STM32CubeIDE.app/Contents/Eclipse/plugins/com.st.stm32cube.ide.mcu.externaltools.gnu-tools-for-stm32.10.3-2021.10.macos64_1.0.100.202210260954/tools/bin/../lib/gcc/arm-none-eabi/10.3.1/thumb/v7e-m+fp/hard/libgcc.a(_arm_addsubdf3.o)
 .ARM.attributes
                0x0000000000000591       0x1e /Applications/STMicroelectronics/STM32CubeIDE.app/Contents/Eclipse/plugins/com.st.stm32cube.ide.mcu.externaltools.gnu-tools-for-stm32.10.3-2021.10.macos64_1.0.100.202210260954/tools/bin/../lib/gcc/arm-none-eabi/10.3.1/thumb/v7e-m+fp/hard/libgcc.a(_arm_muldivdf3.o)
 .ARM.attributes
                0x00000000000005af       0x1e /Applications/STMicroelectronics/STM32CubeIDE.app/Contents/Eclipse/plugins/com.st.stm32cube.ide.mcu.externaltools.gnu-tools-for-stm32.10.3-2021.10.macos64_1.0.100.202210260954/tools/bin/../lib/gcc/arm-none-eabi/10.3.1/thumb/v7e-m+fp/hard/libgcc.a(_arm_cmpdf2.o)
 .ARM.attributes
                0x00000000000005cd       0x1e /Applications/STMicroelectronics/STM32CubeIDE.app/Contents/Eclipse/plugins/com.st.stm32cube.ide.mcu.externaltools.gnu-tools-for-stm32.10.3-2021.10.macos64_1.0.100.202210260954/tools/bin/../lib/gcc/arm-none-eabi/10.3.1/thumb/v7e-m+fp/hard/libgcc.a(_arm_unorddf2.o)
 .ARM.attributes
                0x00000000000005eb       0x1e /Applications/STMicroelectronics/STM32CubeIDE.app/Contents/Eclipse/plugins/com.st.stm32cube.ide.mcu.externaltools.gnu-tools-for-stm32.10.3-2021.10.macos64_1.0.100.202210260954/tools/bin/../lib/gcc/arm-none-eabi/10.3.1/thumb/v7e-m+fp/hard/libgcc.a(_arm_truncdfsf2.o)
 .ARM.attributes
                0x0000000000000609       0x1e /Applications/STMicroelectronics/STM32CubeIDE.app/Contents/Eclipse/plugins/com.st.stm32cube.ide.mcu.externaltools.gnu-tools-for-stm32.10.3-2021.10.macos64_1.0.100.202210260954/tools/bin/../lib/gcc/arm-none-eabi/10.3.1/thumb/v7e-m+fp/hard/crtn.o
OUTPUT(Lab1.elf elf32-littlearm)
LOAD linker stubs
LOAD /Applications/STMicroelectronics/STM32CubeIDE.app/Contents/Eclipse/plugins/com.st.stm32cube.ide.mcu.externaltools.gnu-tools-for-stm32.10.3-2021.10.macos64_1.0.100.202210260954/tools/bin/../lib/gcc/arm-none-eabi/10.3.1/../../../../arm-none-eabi/lib/thumb/v7e-m+fp/hard/libc.a
LOAD /Applications/STMicroelectronics/STM32CubeIDE.app/Contents/Eclipse/plugins/com.st.stm32cube.ide.mcu.externaltools.gnu-tools-for-stm32.10.3-2021.10.macos64_1.0.100.202210260954/tools/bin/../lib/gcc/arm-none-eabi/10.3.1/../../../../arm-none-eabi/lib/thumb/v7e-m+fp/hard/libm.a
LOAD /Applications/STMicroelectronics/STM32CubeIDE.app/Contents/Eclipse/plugins/com.st.stm32cube.ide.mcu.externaltools.gnu-tools-for-stm32.10.3-2021.10.macos64_1.0.100.202210260954/tools/bin/../lib/gcc/arm-none-eabi/10.3.1/thumb/v7e-m+fp/hard/libgcc.a

.debug_info     0x0000000000000000     0x9ad1
 .debug_info    0x0000000000000000      0xb99 ./Drivers/STM32L4xx_HAL_Driver/Src/stm32l4xx_hal.o
 .debug_info    0x0000000000000b99      0xe3f ./Drivers/STM32L4xx_HAL_Driver/Src/stm32l4xx_hal_cortex.o
 .debug_info    0x00000000000019d8      0xa5e ./Drivers/STM32L4xx_HAL_Driver/Src/stm32l4xx_hal_pwr_ex.o
 .debug_info    0x0000000000002436      0xe19 ./Drivers/STM32L4xx_HAL_Driver/Src/stm32l4xx_hal_rcc.o
 .debug_info    0x000000000000324f       0x26 ./Src/kalman.o
 .debug_info    0x0000000000003275      0xc4d ./Src/main.o
 .debug_info    0x0000000000003ec2      0x340 ./Src/stm32l4xx_hal_msp.o
 .debug_info    0x0000000000004202      0x122 ./Src/stm32l4xx_it.o
 .debug_info    0x0000000000004324      0x5fe ./Src/system_stm32l4xx.o
 .debug_info    0x0000000000004922       0x22 ./Startup/startup_stm32l4s5vitx.o
 .debug_info    0x0000000000004944      0xc13 /Users/chefluke/STM32Cube/ECSE444/Lab/lib/libarm_cortexM4lf_math.a(arm_std_f32.o)
 .debug_info    0x0000000000005557      0xae8 /Users/chefluke/STM32Cube/ECSE444/Lab/lib/libarm_cortexM4lf_math.a(arm_mean_f32.o)
 .debug_info    0x000000000000603f      0xcf5 /Users/chefluke/STM32Cube/ECSE444/Lab/lib/libarm_cortexM4lf_math.a(arm_correlate_f32.o)
 .debug_info    0x0000000000006d34      0xcc1 /Users/chefluke/STM32Cube/ECSE444/Lab/lib/libarm_cortexM4lf_math.a(arm_conv_f32.o)
 .debug_info    0x00000000000079f5      0xaf4 /Users/chefluke/STM32Cube/ECSE444/Lab/lib/libarm_cortexM4lf_math.a(arm_sub_f32.o)
 .debug_info    0x00000000000084e9      0xaf4 /Users/chefluke/STM32Cube/ECSE444/Lab/lib/libarm_cortexM4lf_math.a(arm_mult_f32.o)
 .debug_info    0x0000000000008fdd      0xaf4 /Users/chefluke/STM32Cube/ECSE444/Lab/lib/libarm_cortexM4lf_math.a(arm_add_f32.o)

.debug_abbrev   0x0000000000000000     0x1def
 .debug_abbrev  0x0000000000000000      0x23a ./Drivers/STM32L4xx_HAL_Driver/Src/stm32l4xx_hal.o
 .debug_abbrev  0x000000000000023a      0x316 ./Drivers/STM32L4xx_HAL_Driver/Src/stm32l4xx_hal_cortex.o
 .debug_abbrev  0x0000000000000550      0x1f3 ./Drivers/STM32L4xx_HAL_Driver/Src/stm32l4xx_hal_pwr_ex.o
 .debug_abbrev  0x0000000000000743      0x2f9 ./Drivers/STM32L4xx_HAL_Driver/Src/stm32l4xx_hal_rcc.o
 .debug_abbrev  0x0000000000000a3c       0x14 ./Src/kalman.o
 .debug_abbrev  0x0000000000000a50      0x2dd ./Src/main.o
 .debug_abbrev  0x0000000000000d2d       0xc2 ./Src/stm32l4xx_hal_msp.o
 .debug_abbrev  0x0000000000000def       0x74 ./Src/stm32l4xx_it.o
 .debug_abbrev  0x0000000000000e63      0x116 ./Src/system_stm32l4xx.o
 .debug_abbrev  0x0000000000000f79       0x12 ./Startup/startup_stm32l4s5vitx.o
 .debug_abbrev  0x0000000000000f8b      0x286 /Users/chefluke/STM32Cube/ECSE444/Lab/lib/libarm_cortexM4lf_math.a(arm_std_f32.o)
 .debug_abbrev  0x0000000000001211      0x210 /Users/chefluke/STM32Cube/ECSE444/Lab/lib/libarm_cortexM4lf_math.a(arm_mean_f32.o)
 .debug_abbrev  0x0000000000001421      0x1ff /Users/chefluke/STM32Cube/ECSE444/Lab/lib/libarm_cortexM4lf_math.a(arm_correlate_f32.o)
 .debug_abbrev  0x0000000000001620      0x20e /Users/chefluke/STM32Cube/ECSE444/Lab/lib/libarm_cortexM4lf_math.a(arm_conv_f32.o)
 .debug_abbrev  0x000000000000182e      0x1eb /Users/chefluke/STM32Cube/ECSE444/Lab/lib/libarm_cortexM4lf_math.a(arm_sub_f32.o)
 .debug_abbrev  0x0000000000001a19      0x1eb /Users/chefluke/STM32Cube/ECSE444/Lab/lib/libarm_cortexM4lf_math.a(arm_mult_f32.o)
 .debug_abbrev  0x0000000000001c04      0x1eb /Users/chefluke/STM32Cube/ECSE444/Lab/lib/libarm_cortexM4lf_math.a(arm_add_f32.o)

.debug_aranges  0x0000000000000000      0x680
 .debug_aranges
                0x0000000000000000      0x130 ./Drivers/STM32L4xx_HAL_Driver/Src/stm32l4xx_hal.o
 .debug_aranges
                0x0000000000000130      0x118 ./Drivers/STM32L4xx_HAL_Driver/Src/stm32l4xx_hal_cortex.o
 .debug_aranges
                0x0000000000000248      0x170 ./Drivers/STM32L4xx_HAL_Driver/Src/stm32l4xx_hal_pwr_ex.o
 .debug_aranges
                0x00000000000003b8       0x98 ./Drivers/STM32L4xx_HAL_Driver/Src/stm32l4xx_hal_rcc.o
 .debug_aranges
                0x0000000000000450       0x20 ./Src/kalman.o
 .debug_aranges
                0x0000000000000470       0x60 ./Src/main.o
 .debug_aranges
                0x00000000000004d0       0x20 ./Src/stm32l4xx_hal_msp.o
 .debug_aranges
                0x00000000000004f0       0x60 ./Src/stm32l4xx_it.o
 .debug_aranges
                0x0000000000000550       0x28 ./Src/system_stm32l4xx.o
 .debug_aranges
                0x0000000000000578       0x28 ./Startup/startup_stm32l4s5vitx.o
 .debug_aranges
                0x00000000000005a0       0x20 /Users/chefluke/STM32Cube/ECSE444/Lab/lib/libarm_cortexM4lf_math.a(arm_std_f32.o)
 .debug_aranges
                0x00000000000005c0       0x20 /Users/chefluke/STM32Cube/ECSE444/Lab/lib/libarm_cortexM4lf_math.a(arm_mean_f32.o)
 .debug_aranges
                0x00000000000005e0       0x20 /Users/chefluke/STM32Cube/ECSE444/Lab/lib/libarm_cortexM4lf_math.a(arm_correlate_f32.o)
 .debug_aranges
                0x0000000000000600       0x20 /Users/chefluke/STM32Cube/ECSE444/Lab/lib/libarm_cortexM4lf_math.a(arm_conv_f32.o)
 .debug_aranges
                0x0000000000000620       0x20 /Users/chefluke/STM32Cube/ECSE444/Lab/lib/libarm_cortexM4lf_math.a(arm_sub_f32.o)
 .debug_aranges
                0x0000000000000640       0x20 /Users/chefluke/STM32Cube/ECSE444/Lab/lib/libarm_cortexM4lf_math.a(arm_mult_f32.o)
 .debug_aranges
                0x0000000000000660       0x20 /Users/chefluke/STM32Cube/ECSE444/Lab/lib/libarm_cortexM4lf_math.a(arm_add_f32.o)

.debug_ranges   0x0000000000000000      0x580
 .debug_ranges  0x0000000000000000      0x120 ./Drivers/STM32L4xx_HAL_Driver/Src/stm32l4xx_hal.o
 .debug_ranges  0x0000000000000120      0x108 ./Drivers/STM32L4xx_HAL_Driver/Src/stm32l4xx_hal_cortex.o
 .debug_ranges  0x0000000000000228      0x160 ./Drivers/STM32L4xx_HAL_Driver/Src/stm32l4xx_hal_pwr_ex.o
 .debug_ranges  0x0000000000000388       0x88 ./Drivers/STM32L4xx_HAL_Driver/Src/stm32l4xx_hal_rcc.o
 .debug_ranges  0x0000000000000410       0x50 ./Src/main.o
 .debug_ranges  0x0000000000000460       0x10 ./Src/stm32l4xx_hal_msp.o
 .debug_ranges  0x0000000000000470       0x50 ./Src/stm32l4xx_it.o
 .debug_ranges  0x00000000000004c0       0x18 ./Src/system_stm32l4xx.o
 .debug_ranges  0x00000000000004d8       0x20 ./Startup/startup_stm32l4s5vitx.o
 .debug_ranges  0x00000000000004f8       0x28 /Users/chefluke/STM32Cube/ECSE444/Lab/lib/libarm_cortexM4lf_math.a(arm_std_f32.o)
 .debug_ranges  0x0000000000000520       0x10 /Users/chefluke/STM32Cube/ECSE444/Lab/lib/libarm_cortexM4lf_math.a(arm_mean_f32.o)
 .debug_ranges  0x0000000000000530       0x10 /Users/chefluke/STM32Cube/ECSE444/Lab/lib/libarm_cortexM4lf_math.a(arm_correlate_f32.o)
 .debug_ranges  0x0000000000000540       0x10 /Users/chefluke/STM32Cube/ECSE444/Lab/lib/libarm_cortexM4lf_math.a(arm_conv_f32.o)
 .debug_ranges  0x0000000000000550       0x10 /Users/chefluke/STM32Cube/ECSE444/Lab/lib/libarm_cortexM4lf_math.a(arm_sub_f32.o)
 .debug_ranges  0x0000000000000560       0x10 /Users/chefluke/STM32Cube/ECSE444/Lab/lib/libarm_cortexM4lf_math.a(arm_mult_f32.o)
 .debug_ranges  0x0000000000000570       0x10 /Users/chefluke/STM32Cube/ECSE444/Lab/lib/libarm_cortexM4lf_math.a(arm_add_f32.o)

.debug_macro    0x0000000000000000    0x28de8
 .debug_macro   0x0000000000000000      0x20d ./Drivers/STM32L4xx_HAL_Driver/Src/stm32l4xx_hal.o
 .debug_macro   0x000000000000020d      0xa78 ./Drivers/STM32L4xx_HAL_Driver/Src/stm32l4xx_hal.o
 .debug_macro   0x0000000000000c85      0x1a1 ./Drivers/STM32L4xx_HAL_Driver/Src/stm32l4xx_hal.o
 .debug_macro   0x0000000000000e26       0x2e ./Drivers/STM32L4xx_HAL_Driver/Src/stm32l4xx_hal.o
 .debug_macro   0x0000000000000e54       0x28 ./Drivers/STM32L4xx_HAL_Driver/Src/stm32l4xx_hal.o
 .debug_macro   0x0000000000000e7c       0x22 ./Drivers/STM32L4xx_HAL_Driver/Src/stm32l4xx_hal.o
 .debug_macro   0x0000000000000e9e       0x8e ./Drivers/STM32L4xx_HAL_Driver/Src/stm32l4xx_hal.o
 .debug_macro   0x0000000000000f2c       0x51 ./Drivers/STM32L4xx_HAL_Driver/Src/stm32l4xx_hal.o
 .debug_macro   0x0000000000000f7d      0x103 ./Drivers/STM32L4xx_HAL_Driver/Src/stm32l4xx_hal.o
 .debug_macro   0x0000000000001080       0x6a ./Drivers/STM32L4xx_HAL_Driver/Src/stm32l4xx_hal.o
 .debug_macro   0x00000000000010ea      0x1df ./Drivers/STM32L4xx_HAL_Driver/Src/stm32l4xx_hal.o
 .debug_macro   0x00000000000012c9       0x1c ./Drivers/STM32L4xx_HAL_Driver/Src/stm32l4xx_hal.o
 .debug_macro   0x00000000000012e5       0x22 ./Drivers/STM32L4xx_HAL_Driver/Src/stm32l4xx_hal.o
 .debug_macro   0x0000000000001307       0xfb ./Drivers/STM32L4xx_HAL_Driver/Src/stm32l4xx_hal.o
 .debug_macro   0x0000000000001402     0x1011 ./Drivers/STM32L4xx_HAL_Driver/Src/stm32l4xx_hal.o
 .debug_macro   0x0000000000002413      0x11f ./Drivers/STM32L4xx_HAL_Driver/Src/stm32l4xx_hal.o
 .debug_macro   0x0000000000002532    0x1d292 ./Drivers/STM32L4xx_HAL_Driver/Src/stm32l4xx_hal.o
 .debug_macro   0x000000000001f7c4       0x6d ./Drivers/STM32L4xx_HAL_Driver/Src/stm32l4xx_hal.o
 .debug_macro   0x000000000001f831     0x38ed ./Drivers/STM32L4xx_HAL_Driver/Src/stm32l4xx_hal.o
 .debug_macro   0x000000000002311e      0x174 ./Drivers/STM32L4xx_HAL_Driver/Src/stm32l4xx_hal.o
 .debug_macro   0x0000000000023292       0x5c ./Drivers/STM32L4xx_HAL_Driver/Src/stm32l4xx_hal.o
 .debug_macro   0x00000000000232ee     0x1910 ./Drivers/STM32L4xx_HAL_Driver/Src/stm32l4xx_hal.o
 .debug_macro   0x0000000000024bfe      0x7dc ./Drivers/STM32L4xx_HAL_Driver/Src/stm32l4xx_hal.o
 .debug_macro   0x00000000000253da      0x1b9 ./Drivers/STM32L4xx_HAL_Driver/Src/stm32l4xx_hal.o
 .debug_macro   0x0000000000025593      0x225 ./Drivers/STM32L4xx_HAL_Driver/Src/stm32l4xx_hal.o
 .debug_macro   0x00000000000257b8      0x486 ./Drivers/STM32L4xx_HAL_Driver/Src/stm32l4xx_hal.o
 .debug_macro   0x0000000000025c3e      0x1ce ./Drivers/STM32L4xx_HAL_Driver/Src/stm32l4xx_hal.o
 .debug_macro   0x0000000000025e0c       0x43 ./Drivers/STM32L4xx_HAL_Driver/Src/stm32l4xx_hal.o
 .debug_macro   0x0000000000025e4f      0x23d ./Drivers/STM32L4xx_HAL_Driver/Src/stm32l4xx_hal.o
 .debug_macro   0x000000000002608c      0x241 ./Drivers/STM32L4xx_HAL_Driver/Src/stm32l4xx_hal.o
 .debug_macro   0x00000000000262cd      0x416 ./Drivers/STM32L4xx_HAL_Driver/Src/stm32l4xx_hal.o
 .debug_macro   0x00000000000266e3       0x1c ./Drivers/STM32L4xx_HAL_Driver/Src/stm32l4xx_hal.o
 .debug_macro   0x00000000000266ff       0xf2 ./Drivers/STM32L4xx_HAL_Driver/Src/stm32l4xx_hal.o
 .debug_macro   0x00000000000267f1      0x22c ./Drivers/STM32L4xx_HAL_Driver/Src/stm32l4xx_hal.o
 .debug_macro   0x0000000000026a1d       0x61 ./Drivers/STM32L4xx_HAL_Driver/Src/stm32l4xx_hal.o
 .debug_macro   0x0000000000026a7e       0xa5 ./Drivers/STM32L4xx_HAL_Driver/Src/stm32l4xx_hal.o
 .debug_macro   0x0000000000026b23      0x122 ./Drivers/STM32L4xx_HAL_Driver/Src/stm32l4xx_hal.o
 .debug_macro   0x0000000000026c45      0x3f6 ./Drivers/STM32L4xx_HAL_Driver/Src/stm32l4xx_hal.o
 .debug_macro   0x000000000002703b      0x432 ./Drivers/STM32L4xx_HAL_Driver/Src/stm32l4xx_hal.o
 .debug_macro   0x000000000002746d      0x1bf ./Drivers/STM32L4xx_HAL_Driver/Src/stm32l4xx_hal_cortex.o
 .debug_macro   0x000000000002762c      0x1e9 ./Drivers/STM32L4xx_HAL_Driver/Src/stm32l4xx_hal_pwr_ex.o
 .debug_macro   0x0000000000027815      0x201 ./Drivers/STM32L4xx_HAL_Driver/Src/stm32l4xx_hal_rcc.o
 .debug_macro   0x0000000000027a16      0x2e1 ./Src/main.o
 .debug_macro   0x0000000000027cf7       0x52 ./Src/main.o
 .debug_macro   0x0000000000027d49       0x1e ./Src/main.o
 .debug_macro   0x0000000000027d67       0x3c ./Src/main.o
 .debug_macro   0x0000000000027da3       0x34 ./Src/main.o
 .debug_macro   0x0000000000027dd7       0x16 ./Src/main.o
 .debug_macro   0x0000000000027ded       0x43 ./Src/main.o
 .debug_macro   0x0000000000027e30       0x34 ./Src/main.o
 .debug_macro   0x0000000000027e64       0x10 ./Src/main.o
 .debug_macro   0x0000000000027e74       0x58 ./Src/main.o
 .debug_macro   0x0000000000027ecc       0x71 ./Src/main.o
 .debug_macro   0x0000000000027f3d       0x1c ./Src/main.o
 .debug_macro   0x0000000000027f59      0x12a ./Src/main.o
 .debug_macro   0x0000000000028083      0x341 ./Src/main.o
 .debug_macro   0x00000000000283c4       0x10 ./Src/main.o
 .debug_macro   0x00000000000283d4       0x35 ./Src/main.o
 .debug_macro   0x0000000000028409       0x20 ./Src/main.o
 .debug_macro   0x0000000000028429      0x19b ./Src/main.o
 .debug_macro   0x00000000000285c4      0x201 ./Src/main.o
 .debug_macro   0x00000000000287c5       0xc8 ./Src/main.o
 .debug_macro   0x000000000002888d      0x1c9 ./Src/stm32l4xx_hal_msp.o
 .debug_macro   0x0000000000028a56      0x1d3 ./Src/stm32l4xx_it.o
 .debug_macro   0x0000000000028c29      0x1bf ./Src/system_stm32l4xx.o

.debug_line     0x0000000000000000     0x7e73
 .debug_line    0x0000000000000000      0xb0e ./Drivers/STM32L4xx_HAL_Driver/Src/stm32l4xx_hal.o
 .debug_line    0x0000000000000b0e      0xcb5 ./Drivers/STM32L4xx_HAL_Driver/Src/stm32l4xx_hal_cortex.o
 .debug_line    0x00000000000017c3      0xd7b ./Drivers/STM32L4xx_HAL_Driver/Src/stm32l4xx_hal_pwr_ex.o
 .debug_line    0x000000000000253e     0x1062 ./Drivers/STM32L4xx_HAL_Driver/Src/stm32l4xx_hal_rcc.o
 .debug_line    0x00000000000035a0       0x58 ./Src/kalman.o
 .debug_line    0x00000000000035f8      0xeec ./Src/main.o
 .debug_line    0x00000000000044e4      0x719 ./Src/stm32l4xx_hal_msp.o
 .debug_line    0x0000000000004bfd      0x7dc ./Src/stm32l4xx_it.o
 .debug_line    0x00000000000053d9      0x7b1 ./Src/system_stm32l4xx.o
 .debug_line    0x0000000000005b8a       0x83 ./Startup/startup_stm32l4s5vitx.o
 .debug_line    0x0000000000005c0d      0x3c5 /Users/chefluke/STM32Cube/ECSE444/Lab/lib/libarm_cortexM4lf_math.a(arm_std_f32.o)
 .debug_line    0x0000000000005fd2      0x2d9 /Users/chefluke/STM32Cube/ECSE444/Lab/lib/libarm_cortexM4lf_math.a(arm_mean_f32.o)
 .debug_line    0x00000000000062ab      0x9e6 /Users/chefluke/STM32Cube/ECSE444/Lab/lib/libarm_cortexM4lf_math.a(arm_correlate_f32.o)
 .debug_line    0x0000000000006c91      0x944 /Users/chefluke/STM32Cube/ECSE444/Lab/lib/libarm_cortexM4lf_math.a(arm_conv_f32.o)
 .debug_line    0x00000000000075d5      0x2df /Users/chefluke/STM32Cube/ECSE444/Lab/lib/libarm_cortexM4lf_math.a(arm_sub_f32.o)
 .debug_line    0x00000000000078b4      0x2e0 /Users/chefluke/STM32Cube/ECSE444/Lab/lib/libarm_cortexM4lf_math.a(arm_mult_f32.o)
 .debug_line    0x0000000000007b94      0x2df /Users/chefluke/STM32Cube/ECSE444/Lab/lib/libarm_cortexM4lf_math.a(arm_add_f32.o)

.debug_str      0x0000000000000000    0xfb07b
 .debug_str     0x0000000000000000    0xf5379 ./Drivers/STM32L4xx_HAL_Driver/Src/stm32l4xx_hal.o
                                      0xf57c9 (size before relaxing)
 .debug_str     0x00000000000f5379      0x3ae ./Drivers/STM32L4xx_HAL_Driver/Src/stm32l4xx_hal_cortex.o
                                      0xf5458 (size before relaxing)
 .debug_str     0x00000000000f5727      0x5e1 ./Drivers/STM32L4xx_HAL_Driver/Src/stm32l4xx_hal_pwr_ex.o
                                      0xf51be (size before relaxing)
 .debug_str     0x00000000000f5d08      0x608 ./Drivers/STM32L4xx_HAL_Driver/Src/stm32l4xx_hal_rcc.o
                                      0xf525e (size before relaxing)
 .debug_str     0x00000000000f6310       0x1e ./Src/kalman.o
                                         0x4a (size before relaxing)
 .debug_str     0x00000000000f632e     0x444e ./Src/main.o
                                      0xf91dd (size before relaxing)
 .debug_str     0x00000000000fa77c       0x1b ./Src/stm32l4xx_hal_msp.o
                                      0xf4b1f (size before relaxing)
 .debug_str     0x00000000000fa797       0xb8 ./Src/stm32l4xx_it.o
                                      0xf4a39 (size before relaxing)
 .debug_str     0x00000000000fa84f       0x3b ./Src/system_stm32l4xx.o
                                      0xf4be6 (size before relaxing)
 .debug_str     0x00000000000fa88a       0x23 ./Startup/startup_stm32l4s5vitx.o
                                         0x5d (size before relaxing)
 .debug_str     0x00000000000fa8ad      0x637 /Users/chefluke/STM32Cube/ECSE444/Lab/lib/libarm_cortexM4lf_math.a(arm_std_f32.o)
                                        0x74c (size before relaxing)
 .debug_str     0x00000000000faee4       0x30 /Users/chefluke/STM32Cube/ECSE444/Lab/lib/libarm_cortexM4lf_math.a(arm_mean_f32.o)
                                        0x670 (size before relaxing)
 .debug_str     0x00000000000faf14       0xa7 /Users/chefluke/STM32Cube/ECSE444/Lab/lib/libarm_cortexM4lf_math.a(arm_correlate_f32.o)
                                        0x6f2 (size before relaxing)
 .debug_str     0x00000000000fafbb       0x35 /Users/chefluke/STM32Cube/ECSE444/Lab/lib/libarm_cortexM4lf_math.a(arm_conv_f32.o)
                                        0x6cf (size before relaxing)
 .debug_str     0x00000000000faff0       0x2e /Users/chefluke/STM32Cube/ECSE444/Lab/lib/libarm_cortexM4lf_math.a(arm_sub_f32.o)
                                        0x671 (size before relaxing)
 .debug_str     0x00000000000fb01e       0x2f /Users/chefluke/STM32Cube/ECSE444/Lab/lib/libarm_cortexM4lf_math.a(arm_mult_f32.o)
                                        0x673 (size before relaxing)
 .debug_str     0x00000000000fb04d       0x2e /Users/chefluke/STM32Cube/ECSE444/Lab/lib/libarm_cortexM4lf_math.a(arm_add_f32.o)
                                        0x671 (size before relaxing)

.comment        0x0000000000000000       0xc5
 .comment       0x0000000000000000       0x50 ./Drivers/STM32L4xx_HAL_Driver/Src/stm32l4xx_hal.o
                                         0x51 (size before relaxing)
 .comment       0x0000000000000050       0x51 ./Drivers/STM32L4xx_HAL_Driver/Src/stm32l4xx_hal_cortex.o
 .comment       0x0000000000000050       0x51 ./Drivers/STM32L4xx_HAL_Driver/Src/stm32l4xx_hal_pwr_ex.o
 .comment       0x0000000000000050       0x51 ./Drivers/STM32L4xx_HAL_Driver/Src/stm32l4xx_hal_rcc.o
 .comment       0x0000000000000050       0x51 ./Src/main.o
 .comment       0x0000000000000050       0x51 ./Src/stm32l4xx_hal_msp.o
 .comment       0x0000000000000050       0x51 ./Src/stm32l4xx_it.o
 .comment       0x0000000000000050       0x51 ./Src/system_stm32l4xx.o
 .comment       0x0000000000000050       0x75 /Users/chefluke/STM32Cube/ECSE444/Lab/lib/libarm_cortexM4lf_math.a(arm_std_f32.o)
                                         0x76 (size before relaxing)
 .comment       0x00000000000000c5       0x76 /Users/chefluke/STM32Cube/ECSE444/Lab/lib/libarm_cortexM4lf_math.a(arm_mean_f32.o)
 .comment       0x00000000000000c5       0x76 /Users/chefluke/STM32Cube/ECSE444/Lab/lib/libarm_cortexM4lf_math.a(arm_correlate_f32.o)
 .comment       0x00000000000000c5       0x76 /Users/chefluke/STM32Cube/ECSE444/Lab/lib/libarm_cortexM4lf_math.a(arm_conv_f32.o)
 .comment       0x00000000000000c5       0x76 /Users/chefluke/STM32Cube/ECSE444/Lab/lib/libarm_cortexM4lf_math.a(arm_sub_f32.o)
 .comment       0x00000000000000c5       0x76 /Users/chefluke/STM32Cube/ECSE444/Lab/lib/libarm_cortexM4lf_math.a(arm_mult_f32.o)
 .comment       0x00000000000000c5       0x76 /Users/chefluke/STM32Cube/ECSE444/Lab/lib/libarm_cortexM4lf_math.a(arm_add_f32.o)

.debug_frame    0x0000000000000000     0x192c
 .debug_frame   0x0000000000000000      0x498 ./Drivers/STM32L4xx_HAL_Driver/Src/stm32l4xx_hal.o
 .debug_frame   0x0000000000000498      0x498 ./Drivers/STM32L4xx_HAL_Driver/Src/stm32l4xx_hal_cortex.o
 .debug_frame   0x0000000000000930      0x5c4 ./Drivers/STM32L4xx_HAL_Driver/Src/stm32l4xx_hal_pwr_ex.o
 .debug_frame   0x0000000000000ef4      0x248 ./Drivers/STM32L4xx_HAL_Driver/Src/stm32l4xx_hal_rcc.o
 .debug_frame   0x000000000000113c      0x154 ./Src/main.o
 .debug_frame   0x0000000000001290       0x38 ./Src/stm32l4xx_hal_msp.o
 .debug_frame   0x00000000000012c8      0x104 ./Src/stm32l4xx_it.o
 .debug_frame   0x00000000000013cc       0x58 ./Src/system_stm32l4xx.o
 .debug_frame   0x0000000000001424       0x64 /Users/chefluke/STM32Cube/ECSE444/Lab/lib/libarm_cortexM4lf_math.a(arm_std_f32.o)
 .debug_frame   0x0000000000001488       0x2c /Users/chefluke/STM32Cube/ECSE444/Lab/lib/libarm_cortexM4lf_math.a(arm_mean_f32.o)
 .debug_frame   0x00000000000014b4       0x40 /Users/chefluke/STM32Cube/ECSE444/Lab/lib/libarm_cortexM4lf_math.a(arm_correlate_f32.o)
 .debug_frame   0x00000000000014f4       0x40 /Users/chefluke/STM32Cube/ECSE444/Lab/lib/libarm_cortexM4lf_math.a(arm_conv_f32.o)
 .debug_frame   0x0000000000001534       0x34 /Users/chefluke/STM32Cube/ECSE444/Lab/lib/libarm_cortexM4lf_math.a(arm_sub_f32.o)
 .debug_frame   0x0000000000001568       0x34 /Users/chefluke/STM32Cube/ECSE444/Lab/lib/libarm_cortexM4lf_math.a(arm_mult_f32.o)
 .debug_frame   0x000000000000159c       0x34 /Users/chefluke/STM32Cube/ECSE444/Lab/lib/libarm_cortexM4lf_math.a(arm_add_f32.o)
 .debug_frame   0x00000000000015d0       0x20 /Applications/STMicroelectronics/STM32CubeIDE.app/Contents/Eclipse/plugins/com.st.stm32cube.ide.mcu.externaltools.gnu-tools-for-stm32.10.3-2021.10.macos64_1.0.100.202210260954/tools/bin/../lib/gcc/arm-none-eabi/10.3.1/../../../../arm-none-eabi/lib/thumb/v7e-m+fp/hard/libc_nano.a(lib_a-errno.o)
 .debug_frame   0x00000000000015f0       0x2c /Applications/STMicroelectronics/STM32CubeIDE.app/Contents/Eclipse/plugins/com.st.stm32cube.ide.mcu.externaltools.gnu-tools-for-stm32.10.3-2021.10.macos64_1.0.100.202210260954/tools/bin/../lib/gcc/arm-none-eabi/10.3.1/../../../../arm-none-eabi/lib/thumb/v7e-m+fp/hard/libc_nano.a(lib_a-init.o)
 .debug_frame   0x000000000000161c       0x28 /Applications/STMicroelectronics/STM32CubeIDE.app/Contents/Eclipse/plugins/com.st.stm32cube.ide.mcu.externaltools.gnu-tools-for-stm32.10.3-2021.10.macos64_1.0.100.202210260954/tools/bin/../lib/gcc/arm-none-eabi/10.3.1/../../../../arm-none-eabi/lib/thumb/v7e-m+fp/hard/libc_nano.a(lib_a-memcpy-stub.o)
 .debug_frame   0x0000000000001644       0x20 /Applications/STMicroelectronics/STM32CubeIDE.app/Contents/Eclipse/plugins/com.st.stm32cube.ide.mcu.externaltools.gnu-tools-for-stm32.10.3-2021.10.macos64_1.0.100.202210260954/tools/bin/../lib/gcc/arm-none-eabi/10.3.1/../../../../arm-none-eabi/lib/thumb/v7e-m+fp/hard/libc_nano.a(lib_a-memset.o)
 .debug_frame   0x0000000000001664       0x3c /Applications/STMicroelectronics/STM32CubeIDE.app/Contents/Eclipse/plugins/com.st.stm32cube.ide.mcu.externaltools.gnu-tools-for-stm32.10.3-2021.10.macos64_1.0.100.202210260954/tools/bin/../lib/gcc/arm-none-eabi/10.3.1/../../../../arm-none-eabi/lib/thumb/v7e-m+fp/hard/libm.a(lib_a-w_sqrt.o)
 .debug_frame   0x00000000000016a0       0x38 /Applications/STMicroelectronics/STM32CubeIDE.app/Contents/Eclipse/plugins/com.st.stm32cube.ide.mcu.externaltools.gnu-tools-for-stm32.10.3-2021.10.macos64_1.0.100.202210260954/tools/bin/../lib/gcc/arm-none-eabi/10.3.1/../../../../arm-none-eabi/lib/thumb/v7e-m+fp/hard/libm.a(lib_a-wf_sqrt.o)
 .debug_frame   0x00000000000016d8       0x30 /Applications/STMicroelectronics/STM32CubeIDE.app/Contents/Eclipse/plugins/com.st.stm32cube.ide.mcu.externaltools.gnu-tools-for-stm32.10.3-2021.10.macos64_1.0.100.202210260954/tools/bin/../lib/gcc/arm-none-eabi/10.3.1/../../../../arm-none-eabi/lib/thumb/v7e-m+fp/hard/libm.a(lib_a-e_sqrt.o)
 .debug_frame   0x0000000000001708       0x20 /Applications/STMicroelectronics/STM32CubeIDE.app/Contents/Eclipse/plugins/com.st.stm32cube.ide.mcu.externaltools.gnu-tools-for-stm32.10.3-2021.10.macos64_1.0.100.202210260954/tools/bin/../lib/gcc/arm-none-eabi/10.3.1/../../../../arm-none-eabi/lib/thumb/v7e-m+fp/hard/libm.a(lib_a-ef_sqrt.o)
 .debug_frame   0x0000000000001728       0xac /Applications/STMicroelectronics/STM32CubeIDE.app/Contents/Eclipse/plugins/com.st.stm32cube.ide.mcu.externaltools.gnu-tools-for-stm32.10.3-2021.10.macos64_1.0.100.202210260954/tools/bin/../lib/gcc/arm-none-eabi/10.3.1/thumb/v7e-m+fp/hard/libgcc.a(_arm_addsubdf3.o)
 .debug_frame   0x00000000000017d4       0x50 /Applications/STMicroelectronics/STM32CubeIDE.app/Contents/Eclipse/plugins/com.st.stm32cube.ide.mcu.externaltools.gnu-tools-for-stm32.10.3-2021.10.macos64_1.0.100.202210260954/tools/bin/../lib/gcc/arm-none-eabi/10.3.1/thumb/v7e-m+fp/hard/libgcc.a(_arm_muldivdf3.o)
 .debug_frame   0x0000000000001824       0xc4 /Applications/STMicroelectronics/STM32CubeIDE.app/Contents/Eclipse/plugins/com.st.stm32cube.ide.mcu.externaltools.gnu-tools-for-stm32.10.3-2021.10.macos64_1.0.100.202210260954/tools/bin/../lib/gcc/arm-none-eabi/10.3.1/thumb/v7e-m+fp/hard/libgcc.a(_arm_cmpdf2.o)
 .debug_frame   0x00000000000018e8       0x20 /Applications/STMicroelectronics/STM32CubeIDE.app/Contents/Eclipse/plugins/com.st.stm32cube.ide.mcu.externaltools.gnu-tools-for-stm32.10.3-2021.10.macos64_1.0.100.202210260954/tools/bin/../lib/gcc/arm-none-eabi/10.3.1/thumb/v7e-m+fp/hard/libgcc.a(_arm_unorddf2.o)
 .debug_frame   0x0000000000001908       0x24 /Applications/STMicroelectronics/STM32CubeIDE.app/Contents/Eclipse/plugins/com.st.stm32cube.ide.mcu.externaltools.gnu-tools-for-stm32.10.3-2021.10.macos64_1.0.100.202210260954/tools/bin/../lib/gcc/arm-none-eabi/10.3.1/thumb/v7e-m+fp/hard/libgcc.a(_arm_truncdfsf2.o)

.debug_loc      0x0000000000000000     0x341f
 .debug_loc     0x0000000000000000      0x5c9 /Users/chefluke/STM32Cube/ECSE444/Lab/lib/libarm_cortexM4lf_math.a(arm_std_f32.o)
 .debug_loc     0x00000000000005c9      0x177 /Users/chefluke/STM32Cube/ECSE444/Lab/lib/libarm_cortexM4lf_math.a(arm_mean_f32.o)
 .debug_loc     0x0000000000000740     0x133d /Users/chefluke/STM32Cube/ECSE444/Lab/lib/libarm_cortexM4lf_math.a(arm_correlate_f32.o)
 .debug_loc     0x0000000000001a7d     0x1363 /Users/chefluke/STM32Cube/ECSE444/Lab/lib/libarm_cortexM4lf_math.a(arm_conv_f32.o)
 .debug_loc     0x0000000000002de0      0x215 /Users/chefluke/STM32Cube/ECSE444/Lab/lib/libarm_cortexM4lf_math.a(arm_sub_f32.o)
 .debug_loc     0x0000000000002ff5      0x215 /Users/chefluke/STM32Cube/ECSE444/Lab/lib/libarm_cortexM4lf_math.a(arm_mult_f32.o)
 .debug_loc     0x000000000000320a      0x215 /Users/chefluke/STM32Cube/ECSE444/Lab/lib/libarm_cortexM4lf_math.a(arm_add_f32.o)
