../Drivers/CMSIS/Include/core_cm4.h:2059:26:ITM_SendChar	16	static,ignoring_inline_asm
../Src/main.c:97:1:__io_putchar	16	static
../Src/main.c:109:6:HAL_GPIO_EXTI_Callback	16	static
../Src/main.c:131:6:HAL_DAC_ConvCpltCallbackCh1	32	static
../Src/main.c:153:5:_write	32	static
../Src/main.c:167:5:main	32	static
../Src/main.c:356:6:SystemClock_Config	96	static
../Src/main.c:407:13:MX_DAC1_Init	48	static
../Src/main.c:459:13:MX_TIM2_Init	40	static
../Src/main.c:504:13:MX_USART2_UART_Init	8	static
../Src/main.c:550:13:MX_DMA_Init	16	static
../Src/main.c:569:13:MX_GPIO_Init	48	static
../Src/main.c:617:6:Error_Handler	4	static,ignoring_inline_asm
