../Drivers/CMSIS/Include/core_cm4.h:2059:26:ITM_SendChar	16	static,ignoring_inline_asm
../Src/main.c:98:1:__io_putchar	16	static
../Src/main.c:110:6:HAL_GPIO_EXTI_Callback	16	static
../Src/main.c:132:6:HAL_DAC_ConvCpltCallbackCh1	32	static
../Src/main.c:154:5:_write	32	static
../Src/main.c:168:5:main	32	static
../Src/main.c:357:6:SystemClock_Config	96	static
../Src/main.c:408:13:MX_DAC1_Init	48	static
../Src/main.c:460:13:MX_TIM2_Init	40	static
../Src/main.c:505:13:MX_USART2_UART_Init	8	static
../Src/main.c:551:13:MX_DMA_Init	16	static
../Src/main.c:570:13:MX_GPIO_Init	48	static
../Src/main.c:618:6:Error_Handler	4	static,ignoring_inline_asm
