../Src/main.c:67:1:__io_putchar	16	static
../Src/main.c:131:5:main	144	static
../Src/main.c:256:6:SystemClock_Config	96	static
../Src/main.c:307:13:MX_I2C2_Init	8	static
../Src/main.c:355:13:MX_USART1_UART_Init	8	static
../Src/main.c:403:13:MX_GPIO_Init	40	static
../Src/main.c:441:6:StartDefaultTask	16	static
../Src/main.c:456:6:StartReadSensors	16	static
../Src/main.c:500:6:StartHandleButton	16	static
../Src/main.c:531:6:StartPrintSerial	48	static
../Src/main.c:568:6:HAL_TIM_PeriodElapsedCallback	16	static
../Src/main.c:585:6:Error_Handler	4	static,ignoring_inline_asm
