../Drivers/CMSIS/Include/core_cm4.h:2059:26:ITM_SendChar	16	static,ignoring_inline_asm
../Src/main.c:80:1:__io_putchar	16	static
../Src/main.c:98:6:readButton	16	static
../Src/main.c:115:5:readVRef	16	static
../Src/main.c:133:6:ADC_reconfig_vref	32	static
../Src/main.c:148:7:readTemp	40	static
../Src/main.c:172:6:ADC_reconfig_temp	32	static
../Src/main.c:182:5:_write	32	static
../Src/main.c:198:5:main	16	static
../Src/main.c:279:6:SystemClock_Config	96	static
../Src/main.c:330:13:MX_ADC1_Init	32	static
../Src/main.c:391:13:MX_USART2_UART_Init	8	static
../Src/main.c:439:13:MX_GPIO_Init	40	static
../Src/main.c:474:6:Error_Handler	4	static,ignoring_inline_asm
