../Src/main.c:81:1:__io_putchar	16	static
../Src/main.c:99:6:readButton	16	static
../Src/main.c:116:7:readVRef	16	static
../Src/main.c:132:6:set_vref	32	static
../Src/main.c:151:7:readTemp	40	static
../Src/main.c:168:6:set_temp	32	static
../Src/main.c:183:13:MX_ADC1_Reinit	32	static
../Src/main.c:206:5:main	16	static
../Src/main.c:285:6:SystemClock_Config	96	static
../Src/main.c:336:13:MX_ADC1_Init	32	static
../Src/main.c:397:13:MX_USART2_UART_Init	8	static
../Src/main.c:445:13:MX_GPIO_Init	40	static
../Src/main.c:480:6:Error_Handler	4	static,ignoring_inline_asm
