../Src/main.c:68:1:__io_putchar	16	static
../Src/main.c:74:1:__io_getchar	16	static
../Src/main.c:125:5:main	56	static
../Src/main.c:220:6:SystemClock_Config	96	static
../Src/main.c:271:13:MX_ADC1_Init	32	static
../Src/main.c:330:13:MX_DAC1_Init	48	static
../Src/main.c:374:13:MX_I2C2_Init	8	static
../Src/main.c:422:13:MX_TIM2_Init	40	static
../Src/main.c:467:13:MX_USART1_UART_Init	8	static
../Src/main.c:513:13:MX_DMA_Init	16	static
../Src/main.c:532:13:MX_GPIO_Init	40	static
../Src/main.c:577:6:Error_Handler	4	static,ignoring_inline_asm
